test_cancel_fifo_head_grants_next_without_revoking_active_owner (tests.test_transition_admission.TransitionLedgerTests) ... ok
test_duplicate_owner_forecast_is_shared_but_tokens_are_independent (tests.test_transition_admission.TransitionLedgerTests) ... ok
test_reclaim_prices_next_owner_not_the_configured_slot_wave (tests.test_transition_admission.TransitionLedgerTests) ... ok
test_restore_head_protection_shares_owner_and_releases_on_cancel (tests.test_transition_admission.TransitionLedgerTests) ... ok
test_unknown_cost_and_exact_token_lifetime (tests.test_transition_admission.TransitionLedgerTests) ... ok
test_capture_observation_releases_after_native_failure (tests.test_transition_admission.TransitionServiceTests) ... ok
test_changed_checkpoint_is_requoted_before_restore (tests.test_transition_admission.TransitionServiceTests) ... ok
test_concurrent_starts_cannot_spend_same_memory_headroom (tests.test_transition_admission.TransitionServiceTests) ... ok
test_configured_ram_capacity_queues_until_verified_space_returns (tests.test_transition_admission.TransitionServiceTests) ... ok
test_delete_interrupts_memory_wait_after_slot_acquired (tests.test_transition_admission.TransitionServiceTests) ... ok
test_delete_interrupts_physical_memory_wait (tests.test_transition_admission.TransitionServiceTests) ... ok
test_disk_overlap_rejection_is_retryable_only_while_checkpoint_stays_parked (tests.test_transition_admission.TransitionServiceTests) ... ok
test_file_restore_reserves_physical_bound_without_spending_tmpfs (tests.test_transition_admission.TransitionServiceTests) ... ok
test_first_start_preserves_physical_floor_even_with_free_swap (tests.test_transition_admission.TransitionServiceTests) ... ok
test_foreground_burst_preserves_one_publication_lane (tests.test_transition_admission.TransitionServiceTests) ... ok
test_physical_memory_wait_has_operation_deadline (tests.test_transition_admission.TransitionServiceTests) ... ok
test_physical_memory_wait_retains_demand_until_resident_reclaim (tests.test_transition_admission.TransitionServiceTests) ... ok
test_post_candidate_disk_error_is_not_reclassified_as_safe_retry (tests.test_transition_admission.TransitionServiceTests) ... ok
test_queued_wake_delete_and_drain_release_slots_and_lifecycle_lock (tests.test_transition_admission.TransitionServiceTests) ... ok
test_resident_capture_progresses_while_split_restore_owns_last_queue_slot (tests.test_transition_admission.TransitionServiceTests) ... ok
test_restore_cost_uses_authenticated_allocations_not_quota (tests.test_transition_admission.TransitionServiceTests) ... ok
test_restore_protection_does_not_serialize_work_that_fits (tests.test_transition_admission.TransitionServiceTests) ... ok
test_split_checkpoint_wake_waits_for_physical_memory (tests.test_transition_admission.TransitionServiceTests) ... ok
test_split_restore_cost_and_wake_use_actual_nested_artifact_metadata (tests.test_transition_admission.TransitionServiceTests) ... ok
test_startup_cannot_steal_contended_restore_headroom (tests.test_transition_admission.TransitionServiceTests) ... ok
test_two_queued_wakes_restore_checkpoint_once (tests.test_transition_admission.TransitionServiceTests) ... ok
test_unknown_physical_memory_cannot_bypass_configured_backing (tests.test_transition_admission.TransitionServiceTests) ... ok
test_ambiguous_launch_rehydrates_and_changed_job_never_replaces_it (tests.test_managed_growth.ManagedGrowthTests) ... ok
test_continuation_timeout_is_retryable_without_revoking_live_wait (tests.test_managed_growth.ManagedGrowthTests) ... ok
test_crossed_capture_requotes_full_growth_before_sparse_restore (tests.test_managed_growth.ManagedGrowthTests) ... ok
test_delete_cancels_pending_launch_before_dispatch (tests.test_managed_growth.ManagedGrowthTests) ... ok
test_drain_cancels_undispatched_growth_without_forgetting_active_launch (tests.test_managed_growth.ManagedGrowthTests) ... ok
test_file_continuation_cannot_spend_physical_headroom_promised_to_ram (tests.test_managed_growth.ManagedGrowthTests) ... ok
test_file_growth_does_not_reappear_when_reclaimable_pages_are_evicted (tests.test_managed_growth.ManagedGrowthTests) ... ok
test_forced_capture_releases_growth_and_restore_reestablishes_it (tests.test_managed_growth.ManagedGrowthTests) ... ok
test_granted_continuation_atomically_revokes_late_safe_wait (tests.test_managed_growth.ManagedGrowthTests) ... ok
test_imported_unknown_primary_terminal_releases_forecast (tests.test_managed_growth.ManagedGrowthTests) ... ok
test_managed_burst_waits_after_runtime_create_until_first_safe_wait (tests.test_managed_growth.ManagedGrowthTests) ... ok
test_previous_registry_v4_migrates_preserving_registration (tests.test_managed_growth.ManagedGrowthTests) ... ok
test_residual_forecast_credits_only_fresh_incarnation_footprint (tests.test_managed_growth.ManagedGrowthTests) ... ok
test_restart_preserves_parked_managed_migration_authority (tests.test_managed_growth.ManagedGrowthTests) ... ok
test_restore_failure_after_growth_grant_is_not_a_safe_admission_retry (tests.test_managed_growth.ManagedGrowthTests) ... ok
test_running_continuation_queues_without_holding_runtime_lifecycle (tests.test_managed_growth.ManagedGrowthTests) ... ok
test_terminal_and_delete_release_only_matching_primary_generation (tests.test_managed_growth.ManagedGrowthTests) ... ok
test_backing_exhaustion_reclaims_even_with_physical_memory_available (tests.test_resident_memory_backing.ResidentMemoryBackingTests) ... ok
test_backing_hysteresis_and_pending_demand_use_real_free_bytes (tests.test_resident_memory_backing.ResidentMemoryBackingTests) ... ok
test_backing_reasons_round_trip_without_accepting_arbitrary_reasons (tests.test_resident_memory_backing.ResidentMemoryBackingTests) ... ok
test_file_restore_demand_does_not_create_a_tmpfs_deficit (tests.test_resident_memory_backing.ResidentMemoryBackingTests) ... ok
test_host_memory_still_limits_when_backing_has_space (tests.test_resident_memory_backing.ResidentMemoryBackingTests) ... ok
test_io_pressure_limits_wave_but_cannot_stall_backing_reclaim (tests.test_resident_memory_backing.ResidentMemoryBackingTests) ... ok
test_pressure_refresh_preserves_configured_unknown_after_sample_expiry (tests.test_resident_memory_backing.ResidentMemoryBackingTests) ... ok
test_runtime_binds_actual_application_memory_root_to_policy (tests.test_resident_memory_backing.ResidentMemoryBackingTests) ... ok
test_tmpfs_deficit_does_not_evict_unhelpful_clean_host_cache (tests.test_resident_memory_backing.ResidentMemoryBackingTests) ... ok
test_tmpfs_deficit_skips_known_file_heaps_and_credits_ram_only (tests.test_resident_memory_backing.ResidentMemoryBackingTests) ... ok
test_unknown_configured_backing_is_not_disabled_or_healthy (tests.test_resident_memory_backing.ResidentMemoryBackingTests) ... ok
test_application_file_reclaim_is_deficit_sized_and_includes_owned_writeback (tests.test_resident_cache_policy.ResidentCachePolicyTests) ... ok
test_application_heap_refault_does_not_force_a_full_checkpoint (tests.test_resident_cache_policy.ResidentCachePolicyTests) ... ok
test_cache_probe_needs_real_deficit_and_avoids_io_pressure (tests.test_resident_cache_policy.ResidentCachePolicyTests) ... ok
test_file_reclaim_under_storage_pressure_uses_existing_shared_byte_budget (tests.test_resident_cache_policy.ResidentCachePolicyTests) ... ok
test_rapid_refault_backs_off_new_waits_then_allows_a_later_probe (tests.test_resident_cache_policy.ResidentCachePolicyTests) ... ok
test_reclaim_windows_stop_when_memory_or_storage_pressure_changes (tests.test_resident_cache_policy.ResidentCachePolicyTests) ... ok
test_runtime_reclaims_without_lifecycle_lock_and_does_not_checkpoint (tests.test_resident_cache_policy.ResidentCachePolicyTests) ... ok
test_tmpfs_working_set_and_unknown_samples_do_not_get_fake_credit (tests.test_resident_cache_policy.ResidentCachePolicyTests) ... ok
test_unsupported_or_empty_reclaim_still_progresses_to_checkpoint (tests.test_resident_cache_policy.ResidentCachePolicyTests) ... ok
test_wake_during_reclaim_cancels_the_checkpoint_fallback (tests.test_resident_cache_policy.ResidentCachePolicyTests) ... ok
test_application_writeback_cgroup_replacement_has_no_reclaim_credit (tests.test_resident_reclaim_fence.ResidentReclaimFenceTests) ... ok
test_application_writeback_rechecks_wait_before_kernel_reclaim (tests.test_resident_reclaim_fence.ResidentReclaimFenceTests) ... ok
test_application_writeback_refreshes_same_incarnation_before_reclaim (tests.test_resident_reclaim_fence.ResidentReclaimFenceTests) ... ok
test_reclaim_uses_short_source_fences_and_stops_on_activity_or_wake (tests.test_resident_reclaim_fence.ResidentReclaimFenceTests) ... ok
test_parked_continuation_selects_file_before_growth_admission (tests.test_hybrid_memory_admission.HybridMemoryAdmissionTests) ... ok
test_recovered_ram_checkpoint_selects_file_before_restore_admission (tests.test_hybrid_memory_admission.HybridMemoryAdmissionTests) ... ok
test_legacy_journal_migrates_worker_layout_transactionally (tests.test_memory_backing_mode.MemoryBackingModeTests) ... ok
test_missing_stale_and_changed_quota_owners_cannot_select_file (tests.test_memory_backing_mode.MemoryBackingModeTests) ... ok
test_reader_cannot_be_disabled_until_owned_allocations_drain (tests.test_memory_backing_mode.MemoryBackingModeTests) ... ok
test_selection_failure_does_not_publish_file_mode (tests.test_memory_backing_mode.MemoryBackingModeTests) ... ok
test_selection_survives_restart_without_reversing_reimport (tests.test_memory_backing_mode.MemoryBackingModeTests) ... ok
test_still_present_ram_mapping_cannot_be_abandoned (tests.test_memory_backing_mode.MemoryBackingModeTests) ... ok
test_flush_rejects_a_replaced_active_file (tests.test_memory_backing_mode.WardenFileModeTests) ... ok
test_flush_retains_allocation_but_does_not_hold_lifecycle_lock (tests.test_memory_backing_mode.WardenFileModeTests) ... ok
test_restore_uses_owned_file_mode_and_keeps_runtime_identity_stable (tests.test_memory_backing_mode.WardenFileModeTests) ... ok
test_running_runtime_cannot_enter_restore_selection (tests.test_memory_backing_mode.WardenFileModeTests) ... ok
test_body_pooling_requires_fresh_capability_on_the_observed_origin (tests.test_control_state_cache.ControlStateCacheTests) ... ok
test_eviction_and_oversized_rows_do_not_limit_fleet_reads (tests.test_control_state_cache.ControlStateCacheTests) ... ok
test_exec_absence_check_only_loads_inventory_for_an_empty_worker (tests.test_control_state_cache.ControlStateCacheTests) ... ok
test_file_identity_check_does_not_block_returning_another_reader (tests.test_control_state_cache.ControlStateCacheTests) ... ok
test_header_read_omits_inventory_but_rechecks_external_authority (tests.test_control_state_cache.ControlStateCacheTests) ... ok
test_nested_additive_metrics_survive_durable_read_and_receive (tests.test_control_state_cache.ControlStateCacheTests) ... ok
test_other_connection_quarantine_reboot_delete_and_corruption_are_immediate (tests.test_control_state_cache.ControlStateCacheTests) ... ok
test_persisted_legacy_metrics_survive_upgrade_and_preserve_validation (tests.test_control_state_cache.ControlStateCacheTests) ... ok
test_reuses_decode_but_returns_isolated_mutable_inventory (tests.test_control_state_cache.ControlStateCacheTests) ... ok
test_single_heartbeat_read_has_no_explicit_transaction_and_keeps_permissions (tests.test_control_state_cache.ControlStateCacheTests) ... ok

----------------------------------------------------------------------
Ran 91 tests in 8.168s

OK
