layers 618 wall 56.9
0 OpenSWE 7704576 768616185 28.6 6 None
1 SWE-Lego 15261696 1185398429 43.8 11 None
2 Terminal-Lego 1359872 54265831 3.7 5 None
3 ScaleSWE 7860224 483892189 21.7 2 None
4 ScaleSWE 8380416 444135594 20.5 2 None
5 SWE-smith 7536640 358055072 17.9 10 None
6 Terminal-Lego 1581056 12245533 0.7 5 None
7 TMax 3121152 378413790 14.5 2 None
8 ScaleSWE 7933952 444195084 19.9 2 None
9 ScaleSWE 9052160 513398777 22.8 2 None
10 TMax 2899968 199215020 8.0 2 None
11 ScaleSWE 8318976 519377953 20.5 2 None
12 Terminal-Lego 1236992 75338663 2.7 2 None
13 SWE-smith 11796480 1320589161 44.1 12 None
14 ScaleSWE 9908224 100604369 5.2 2 None
15 ScaleSWE 8056832 464820853 21.7 2 None
16 ScaleSWE 8273920 450676001 20.2 2 None
17 ScaleSWE 8347648 472560659 16.6 2 None
18 TMax 2891776 201040187 8.1 2 None
19 TMax 5718016 340390214 13.6 2 None
20 ScaleSWE 8056832 0 0.0 1 None
21 ScaleSWE 10190848 654107234 24.6 2 None
22 TMax 2973696 211030651 8.3 2 None
23 ScaleSWE 8470528 597448581 26.6 2 None
24 SWE-rebench v2 18825216 1078438948 48.8 10 None
25 Terminal-Lego 1253376 2543085 0.1 4 None
26 ScaleSWE 7868416 443273168 33.0 2 None
27 SWE-Lego 12226560 772324035 37.9 11 None
28 Terminal-Lego 2654208 72112566 3.7 2 None
29 ScaleSWE 9707520 105084008 3.4 2 None
30 TMax 2936832 202127701 8.2 2 None
31 ScaleSWE 8417280 470147705 35.0 2 None
32 Terminal-Lego 2711552 289333101 11.1 10 None
33 ScaleSWE 8351744 53560457 1.6 2 None
34 TMax 7585792 370610141 15.8 2 None
35 TMax 2887680 198379451 8.2 2 None
36 TMax 5718016 339506728 14.0 2 None
37 SWE-smith 11591680 402521758 13.4 12 None
38 TMax 3022848 204383722 8.4 2 None
39 TMax 6410240 345225276 19.3 2 None
40 R2E-Gym 7385088 614878733 23.5 7 None
41 SWE-Lego 15405056 729525132 23.3 11 None
42 ScaleSWE 7696384 434719682 35.0 2 None
43 TMax 3112960 338826925 12.9 2 None
44 SWE-Lego 11239424 591846309 31.1 11 None
45 ScaleSWE 7700480 422787410 31.9 2 None
46 Terminal-Lego 3108864 170846864 7.3 4 None
47 ScaleSWE 7741440 427188010 20.0 2 None
48 TMax 2957312 201531655 8.5 2 None
49 TMax 2887680 198751163 8.1 2 None
50 TMax 2887680 198379858 8.0 2 None
51 R2E-Gym 7245824 345423265 21.5 16 None
52 TMax 2887680 198379522 8.3 2 None
53 Terminal-Lego 3289088 160405407 6.8 4 None
54 Terminal-Lego 2293760 46728179 2.6 5 None
55 SWE-smith 11763712 416165384 14.0 12 None
56 ScaleSWE 10190848 0 0.0 2 None
57 TMax 2887680 198379467 8.2 2 None
58 Terminal-Lego 1282048 36053586 1.7 2 None
59 Terminal-Lego 827392 23119178 0.8 2 None
60 Terminal-Lego 1335296 4063320 0.3 4 None
61 ScaleSWE 7872512 430631850 19.2 2 None
62 ScaleSWE 8241152 728341368 23.6 2 None
63 TMax 2940928 201315157 8.2 2 None
64 ScaleSWE 8577024 94274074 3.0 2 None
65 SWE-Lego 11735040 711509562 40.8 11 None
66 TMax 5140480 375818155 13.3 2 None
67 ScaleSWE 8056832 0 0.0 2 None
68 Terminal-Lego 1265664 2921476 0.1 4 None
69 Terminal-Lego 1413120 76628845 3.6 6 None
70 Terminal-Lego 1785856 268123069 8.7 7 None
71 ScaleSWE 9060352 85937950 3.2 2 None
72 ScaleSWE 8622080 0 0.0 2 None
73 TMax 2887680 198372139 8.1 2 None
74 Terminal-Lego 1785856 268034716 8.6 6 None
75 ScaleSWE 8683520 486561513 35.5 2 None
76 Terminal-Lego 1466368 13350160 0.6 6 None
77 OpenSWE 7860224 375532359 12.5 6 None
78 TMax 2899968 198843674 8.4 2 None
79 ScaleSWE 8318976 0 0.0 2 None
80 TMax 2899968 198510231 13.2 2 None
81 Terminal-Lego 843776 7662623 0.4 2 None
82 TMax 4423680 318721917 16.9 2 None
83 ScaleSWE 7745536 0 0.0 2 None
84 SWE-smith 17350656 780536034 23.9 12 None
85 OpenSWE 7872512 356719091 12.4 6 None
86 Terminal-Lego 1220608 4716 0.0 4 None
87 TMax 2904064 199278309 11.9 2 None
88 ScaleSWE 7700480 0 0.0 2 None
89 ScaleSWE 7667712 4098947 0.2 2 None
90 Terminal-Lego 3141632 15226006 0.9 10 None
91 ScaleSWE 7884800 535917338 40.6 2 None
92 ScaleSWE 7741440 0 0.0 2 None
93 Terminal-Lego 671744 3042621 0.1 2 None
94 R2E-Gym 4751360 340635738 18.9 12 None
95 ScaleSWE 8015872 527482482 22.5 2 None
96 OpenSWE 7868416 452861565 23.6 6 None
97 SWE-smith 11726848 415409059 13.9 12 None
98 Terminal-Lego 1236992 75338678 2.8 2 None
99 ScaleSWE 8318976 0 0.0 2 None
100 ScaleSWE 8683520 0 0.0 2 None
101 Terminal-Lego 872448 18464584 0.7 2 None
102 TMax 3567616 227236316 9.4 2 None
103 ScaleSWE 10190848 0 0.0 2 None
104 ScaleSWE 7909376 489853456 21.2 2 None
105 Terminal-Lego 651264 118306 0.0 2 None
106 Terminal-Lego 2863104 147648649 6.1 2 None
107 R2E-Gym 7274496 346339248 20.2 16 None
108 ScaleSWE 7884800 430810427 19.5 2 None
109 ScaleSWE 8257536 10660607 0.7 2 None
110 TMax 2887680 198379651 8.2 2 None
111 ScaleSWE 8978432 592690948 25.5 2 None
112 SWE-rebench v2 10772480 677346964 31.7 9 None
113 ScaleSWE 7700480 0 0.0 1 None
114 TMax 6328320 359759840 14.7 2 None
115 TMax 2936832 202127496 8.4 2 None
116 R2E-Gym 6148096 303464003 15.8 16 None
117 Terminal-Lego 659456 380364 0.0 2 None
118 Terminal-Lego 6483968 409336831 19.6 5 None
119 SWE-rebench v2 13262848 928208078 49.4 8 None
120 SWE-Lego 16736256 1245712280 50.7 11 None
121 ScaleSWE 7745536 0 0.0 2 None
122 Terminal-Lego 1961984 66728824 2.7 5 None
123 ScaleSWE 8015872 0 1.2 2 None
124 Terminal-Lego 1339392 719082 0.0 6 None
125 SWE-Lego 16338944 1163784249 44.3 11 None
126 Terminal-Lego 7004160 434167278 22.1 5 None
127 TMax 3022848 219316550 8.9 2 None
128 TMax 3121152 219706715 8.9 2 None
129 SWE-smith 17752064 660655663 31.2 12 None
130 Terminal-Lego 1409024 4564307 0.3 4 None
131 Terminal-Lego 1179648 53983699 2.2 2 None
132 ScaleSWE 8429568 488629059 36.2 2 None
133 OpenSWE 7684096 378269841 11.8 6 None
134 ScaleSWE 9256960 469269377 20.2 2 None
135 TMax 2887680 198379357 8.1 2 None
136 TMax 3784704 314782730 15.6 2 None
137 ScaleSWE 8249344 502742107 20.1 2 None
138 TMax 3297280 224343250 9.0 2 None
139 Terminal-Lego 2101248 129579905 5.1 3 None
140 R2E-Gym 7446528 91166762 8.0 9 None
141 ScaleSWE 7639040 457891290 33.4 2 None
142 R2E-Gym 7245824 336000083 19.1 16 None
143 Terminal-Lego 2686976 86132946 4.1 4 None
144 TMax 3051520 219562220 8.9 2 None
145 TMax 2965504 205904987 8.7 2 None
146 Terminal-Lego 6328320 348682070 17.5 5 None
147 Terminal-Lego 1318912 3764930 0.5 5 None
148 TMax 3112960 334411988 12.9 2 None
149 OpenSWE 7749632 393746021 11.0 6 None
150 TMax 3829760 325192428 11.4 2 None
151 SWE-rebench v2 24358912 1427367707 61.8 9 None
152 ScaleSWE 7647232 424851021 19.8 1 None
153 TMax 2887680 199060873 7.7 2 None
154 TMax 3047424 327781201 12.2 2 None
155 SWE-smith 13062144 458707599 13.9 12 None
156 ScaleSWE 9052160 0 3.4 2 None
157 OpenSWE 7905280 371684603 12.8 6 None
158 SWE-smith 49430528 905307863 53.2 14 None
159 ScaleSWE 8683520 0 0.0 2 None
160 Terminal-Lego 655360 416938 0.0 2 None
161 ScaleSWE 7614464 1347307 0.1 2 None
162 TMax 2887680 198892079 8.4 2 None
163 ScaleSWE 8577024 0 3.0 2 None
164 R2E-Gym 5271552 286893255 11.3 16 None
165 ScaleSWE 7700480 429866489 19.6 2 None
166 Terminal-Lego 1630208 24520112 1.3 5 None
167 ScaleSWE 7741440 0 0.0 2 None
168 ScaleSWE 7811072 516440049 23.0 2 None
169 OpenSWE 7897088 351569728 12.0 6 None
170 Terminal-Lego 1507328 8434562 0.3 6 None
171 ScaleSWE 7823360 437209578 19.9 2 None
172 ScaleSWE 7692288 425113876 32.1 2 None
173 OpenSWE 7917568 353245432 12.8 6 None
174 ScaleSWE 8318976 41243011 1.6 2 None
175 Terminal-Lego 2707456 118370 0.0 10 None
176 ScaleSWE 9510912 0 0.0 2 None
177 OpenSWE 7553024 310962101 10.8 6 None
178 OpenSWE 7376896 291425007 10.3 6 None
179 SWE-smith 55681024 1130026724 60.5 13 None
180 SWE-rebench v2 15958016 601606655 40.4 8 None
