layers 147 wall 13.0
0 Terminal-Lego 2756608 203693966 8.6 5 None
1 Terminal-Lego 2256896 202075830 8.2 10 None
2 Terminal-Lego 2203648 357237816 12.9 6 None
3 TMax 2887680 230722152 8.2 2 None
4 Terminal-Lego 2121728 57223505 2.4 7 None
5 Terminal-Lego 1413120 730086 0.1 5 None
6 TMax 2887680 198379467 6.6 2 None
7 Terminal-Lego 1372160 4738708 0.2 6 None
8 Terminal-Lego 2732032 95758039 5.5 4 None
9 Terminal-Lego 1413120 4739 0.0 5 None
10 TMax 2887680 198399628 6.3 2 None
11 Terminal-Lego 2764800 133817665 4.9 5 None
12 Terminal-Lego 2895872 146237548 5.6 6 None
13 TMax 2887680 198716528 7.4 2 None
14 Terminal-Lego 1413120 0 0.0 4 None
15 Terminal-Lego 1339392 111771 0.0 6 None
16 Terminal-Lego 2318336 21576223 1.2 7 None
17 Terminal-Lego 1359872 5154180 0.3 5 None
18 Terminal-Lego 3141632 304109241 11.7 10 None
19 Terminal-Lego 1413120 0 0.0 4 None
20 TMax 2887680 198591454 7.5 2 None
21 Terminal-Lego 671744 3042642 0.1 2 None
22 Terminal-Lego 2719744 126380717 4.7 5 None
23 TMax 5718016 339506718 11.3 2 None
24 Terminal-Lego 1736704 26085674 1.6 4 None
25 TMax 3047424 328257278 10.1 2 None
26 TMax 2748416 199669162 6.9 2 None
27 Terminal-Lego 1413120 0 0.0 5 None
28 Terminal-Lego 1785856 267793301 6.9 6 None
29 Terminal-Lego 2707456 0 0.0 9 None
30 Terminal-Lego 1466368 6021835 0.3 6 None
31 Terminal-Lego 1581056 13336643 0.7 5 None
32 Terminal-Lego 1339392 719082 0.0 6 None
33 Terminal-Lego 1413120 121410 0.0 5 None
34 Terminal-Lego 1339392 4737 0.0 6 None
35 Terminal-Lego 2379776 76967382 3.0 4 None
36 TMax 7630848 370002649 13.0 2 None
37 Terminal-Lego 1454080 3277639 0.2 5 None
38 Terminal-Lego 1949696 33868739 1.7 5 None
39 Terminal-Lego 1495040 8336519 0.4 6 None
40 Terminal-Lego 1454080 0 0.0 5 None
41 Terminal-Lego 9375744 325103538 12.7 4 None
42 Terminal-Lego 2109440 98910699 4.0 3 None
43 Terminal-Lego 1339392 4744 0.0 6 None
44 Terminal-Lego 1318912 3764930 0.3 4 None
45 TMax 5718016 339506645 11.1 2 None
46 Terminal-Lego 1454080 3277645 0.2 5 None
47 Terminal-Lego 1413120 0 0.0 4 None
48 Terminal-Lego 1785856 268123132 7.1 7 None
49 Terminal-Lego 2306048 46956960 2.7 5 None
50 Terminal-Lego 3284992 243637892 7.5 2 None
51 Terminal-Lego 937984 26791498 1.9 2 None
52 Terminal-Lego 2088960 57324488 2.8 4 None
53 Terminal-Lego 1208320 24140714 1.2 2 None
54 Terminal-Lego 2891776 9984444 0.5 6 None
55 TMax 3149824 223302214 8.3 2 None
56 Terminal-Lego 1339392 111766 0.0 6 None
57 Terminal-Lego 1339392 1012309 0.1 6 None
58 Terminal-Lego 4087808 80613522 4.9 7 None
59 Terminal-Lego 1269760 3555193 0.2 4 None
60 Terminal-Lego 2707456 4890 0.0 10 None
61 Terminal-Lego 2990080 13109105 0.7 10 None
62 Terminal-Lego 3276800 166697003 7.9 5 None
63 Terminal-Lego 1970176 34593821 1.7 6 None
