{"k": 1, "name": "pc-000", "family": "Terminal-Lego", "mount_rc": 0, "read_s": 4.174288272857666, "bytes": 154504389, "fs_used_delta_bytes": 166203392, "mismatch_vs_copy": null} fill 149922089 clone 0 cachew 0
{"k": 2, "name": "pc-001", "family": "Terminal-Lego", "mount_rc": 0, "read_s": 31.719258069992065, "bytes": 1188426810, "fs_used_delta_bytes": 1281712128, "mismatch_vs_copy": null} fill 1173304152 clone 0 cachew 0
{"k": 3, "name": "pc-002", "family": "TMax", "mount_rc": 0, "read_s": 10.622586727142334, "bytes": 525059255, "fs_used_delta_bytes": 546222080, "mismatch_vs_copy": null} fill 516082427 clone 0 cachew 0
{"k": 4, "name": "pc-003", "family": "Terminal-Lego", "mount_rc": 0, "read_s": 3.36598539352417, "bytes": 133672338, "fs_used_delta_bytes": 144171008, "mismatch_vs_copy": null} fill 129092400 clone 0 cachew 0
{"k": 5, "name": "pc-004", "family": "TMax", "mount_rc": 0, "read_s": 19.053279876708984, "bytes": 1001858822, "fs_used_delta_bytes": 1058217984, "mismatch_vs_copy": null} fill 992303516 clone 0 cachew 0
{"k": 6, "name": "pc-005", "family": "Terminal-Lego", "mount_rc": 0, "read_s": 4.399918556213379, "bytes": 200188790, "fs_used_delta_bytes": 208842752, "mismatch_vs_copy": null} fill 193810575 clone 0 cachew 0
{"k": 7, "name": "pc-006", "family": "TMax", "mount_rc": 0, "read_s": 7.0747692584991455, "bytes": 525057430, "fs_used_delta_bytes": 546226176, "mismatch_vs_copy": null} fill 516080602 clone 0 cachew 0
{"k": 8, "name": "pc-007", "family": "TMax", "mount_rc": 0, "read_s": 11.401084423065186, "bytes": 919846660, "fs_used_delta_bytes": 940433408, "mismatch_vs_copy": null} fill 909863719 clone 0 cachew 0
{"k": 9, "name": "pc-008", "family": "Terminal-Lego", "mount_rc": 0, "read_s": 4.231666326522827, "bytes": 154504389, "fs_used_delta_bytes": 166203392, "mismatch_vs_copy": null} fill 149922089 clone 0 cachew 0
{"k": 10, "name": "pc-009", "family": "Terminal-Lego", "mount_rc": 0, "read_s": 2.8641459941864014, "bytes": 148666045, "fs_used_delta_bytes": 154431488, "mismatch_vs_copy": null} fill 144206111 clone 0 cachew 0
{"k": 11, "name": "pc-010", "family": "Terminal-Lego", "mount_rc": 0, "read_s": 17.32092261314392, "bytes": 891986417, "fs_used_delta_bytes": 847769600, "mismatch_vs_copy": null} fill 816355366 clone 0 cachew 0
{"k": 12, "name": "pc-011", "family": "TMax", "mount_rc": 0, "read_s": 11.782875537872314, "bytes": 585991061, "fs_used_delta_bytes": 609042432, "mismatch_vs_copy": null} fill 576946010 clone 0 cachew 0
{"k": 13, "name": "pc-012", "family": "TMax", "mount_rc": 0, "read_s": 8.106273889541626, "bytes": 525006177, "fs_used_delta_bytes": 546156544, "mismatch_vs_copy": null} fill 516029349 clone 0 cachew 0
{"k": 14, "name": "pc-013", "family": "Terminal-Lego", "mount_rc": 0, "read_s": 3.0101280212402344, "bytes": 200188848, "fs_used_delta_bytes": 208842752, "mismatch_vs_copy": null} fill 193810633 clone 0 cachew 0
{"k": 15, "name": "pc-014", "family": "Terminal-Lego", "mount_rc": 0, "read_s": 3.723649740219116, "bytes": 156455161, "fs_used_delta_bytes": 157085696, "mismatch_vs_copy": null} fill 145124118 clone 0 cachew 0
{"k": 16, "name": "pc-015", "family": "Terminal-Lego", "mount_rc": 0, "read_s": 5.970814228057861, "bytes": 202425764, "fs_used_delta_bytes": 217219072, "mismatch_vs_copy": null} fill 197822000 clone 0 cachew 0
{"k": 17, "name": "pc-016", "family": "Terminal-Lego", "mount_rc": 0, "read_s": 3.9081506729125977, "bytes": 148526110, "fs_used_delta_bytes": 160169984, "mismatch_vs_copy": null} fill 144264572 clone 0 cachew 0
{"k": 18, "name": "pc-017", "family": "TMax", "mount_rc": 0, "read_s": 19.26329016685486, "bytes": 1487003832, "fs_used_delta_bytes": 1104121856, "mismatch_vs_copy": null} fill 1028960486 clone 0 cachew 0
{"k": 19, "name": "pc-018", "family": "Terminal-Lego", "mount_rc": 0, "read_s": 12.96220064163208, "bytes": 626004456, "fs_used_delta_bytes": 654995456, "mismatch_vs_copy": null} fill 618459001 clone 0 cachew 0
{"k": 20, "name": "pc-019", "family": "Terminal-Lego", "mount_rc": 0, "read_s": 4.420551776885986, "bytes": 148530952, "fs_used_delta_bytes": 160174080, "mismatch_vs_copy": null} fill 144269422 clone 0 cachew 0
{"k": 21, "name": "pc-020", "family": "Terminal-Lego", "mount_rc": 0, "read_s": 6.552694082260132, "bytes": 279217529, "fs_used_delta_bytes": 299319296, "mismatch_vs_copy": null} fill 272055442 clone 0 cachew 0
{"k": 22, "name": "pc-021", "family": "Terminal-Lego", "mount_rc": 0, "read_s": 3.89544939994812, "bytes": 148531010, "fs_used_delta_bytes": 160169984, "mismatch_vs_copy": null} fill 144269480 clone 0 cachew 0
{"k": 23, "name": "pc-022", "family": "Terminal-Lego", "mount_rc": 0, "read_s": 3.6502468585968018, "bytes": 214584713, "fs_used_delta_bytes": 221220864, "mismatch_vs_copy": null} fill 205851622 clone 0 cachew 0
{"k": 24, "name": "pc-023", "family": "Terminal-Lego", "mount_rc": 0, "read_s": 8.193732023239136, "bytes": 581696659, "fs_used_delta_bytes": 587710464, "mismatch_vs_copy": null} fill 563377691 clone 0 cachew 0
{"mode": "copy", "n": 24, "first_image_bytes": 166203392, "per_extra_image_mean_bytes": 477411238.95652175, "per_extra_image_median_bytes": 299319296, "total_bytes": 11146661888, "image_bytes_read": 11147933617, "read_s_median": 6.552694082260132, "mismatches": 0, "mount_failures": 0}
{"k": 1, "name": "pc-000", "family": "Terminal-Lego", "mount_rc": 0, "read_s": 7.551664590835571, "bytes": 154504389, "fs_used_delta_bytes": 170582016, "mismatch_vs_copy": 0} fill 149922089 clone 6043 cachew 6036
{"k": 2, "name": "pc-001", "family": "Terminal-Lego", "mount_rc": 0, "read_s": 59.05755972862244, "bytes": 1188426810, "fs_used_delta_bytes": 1232584704, "mismatch_vs_copy": 0} fill 1173304152 clone 43411 cachew 40246
{"k": 3, "name": "pc-002", "family": "TMax", "mount_rc": 0, "read_s": 18.16972780227661, "bytes": 525059255, "fs_used_delta_bytes": 532205568, "mismatch_vs_copy": 0} fill 516082427 clone 12759 cachew 10068
{"k": 4, "name": "pc-003", "family": "Terminal-Lego", "mount_rc": 0, "read_s": 6.205867767333984, "bytes": 133672338, "fs_used_delta_bytes": 15859712, "mismatch_vs_copy": 0} fill 129092400 clone 5694 cachew 657
{"k": 5, "name": "pc-004", "family": "TMax", "mount_rc": 0, "read_s": 36.053351402282715, "bytes": 1001858822, "fs_used_delta_bytes": 536784896, "mismatch_vs_copy": 0} fill 992303516 clone 26340 cachew 13719
{"k": 6, "name": "pc-005", "family": "Terminal-Lego", "mount_rc": 0, "read_s": 6.099207878112793, "bytes": 200188790, "fs_used_delta_bytes": 128532480, "mismatch_vs_copy": 0} fill 193810575 clone 5829 cachew 2555
{"k": 7, "name": "pc-006", "family": "TMax", "mount_rc": 0, "read_s": 15.28326964378357, "bytes": 525057430, "fs_used_delta_bytes": 10809344, "mismatch_vs_copy": 0} fill 516080602 clone 12762 cachew 502
{"k": 8, "name": "pc-007", "family": "TMax", "mount_rc": 0, "read_s": 19.459346294403076, "bytes": 919846660, "fs_used_delta_bytes": 414076928, "mismatch_vs_copy": 0} fill 909863719 clone 14355 cachew 2121
{"k": 9, "name": "pc-008", "family": "Terminal-Lego", "mount_rc": 0, "read_s": 6.493481397628784, "bytes": 154504389, "fs_used_delta_bytes": 1744896, "mismatch_vs_copy": 0} fill 149922089 clone 6043 cachew 4
{"k": 10, "name": "pc-009", "family": "Terminal-Lego", "mount_rc": 0, "read_s": 5.475010395050049, "bytes": 148666045, "fs_used_delta_bytes": 19505152, "mismatch_vs_copy": 0} fill 144206111 clone 4044 cachew 334
{"k": 11, "name": "pc-010", "family": "Terminal-Lego", "mount_rc": 0, "read_s": 27.07195782661438, "bytes": 891986417, "fs_used_delta_bytes": 699654144, "mismatch_vs_copy": 0} fill 816355366 clone 13775 cachew 8837
{"k": 12, "name": "pc-011", "family": "TMax", "mount_rc": 0, "read_s": 16.5945303440094, "bytes": 585991061, "fs_used_delta_bytes": 29401088, "mismatch_vs_copy": 0} fill 576946010 clone 14044 cachew 701
{"k": 13, "name": "pc-012", "family": "TMax", "mount_rc": 0, "read_s": 14.746617317199707, "bytes": 525006177, "fs_used_delta_bytes": 10686464, "mismatch_vs_copy": 0} fill 516029349 clone 12754 cachew 494
{"k": 14, "name": "pc-013", "family": "Terminal-Lego", "mount_rc": 0, "read_s": 5.933340787887573, "bytes": 200188848, "fs_used_delta_bytes": 1441792, "mismatch_vs_copy": 0} fill 193810633 clone 5829 cachew 1
{"k": 15, "name": "pc-014", "family": "Terminal-Lego", "mount_rc": 0, "read_s": 6.18305778503418, "bytes": 156455161, "fs_used_delta_bytes": 16154624, "mismatch_vs_copy": 0} fill 145124118 clone 4512 cachew 188
{"k": 16, "name": "pc-015", "family": "Terminal-Lego", "mount_rc": 0, "read_s": 9.904138803482056, "bytes": 202425764, "fs_used_delta_bytes": 79364096, "mismatch_vs_copy": 0} fill 197822000 clone 7434 cachew 1817
{"k": 17, "name": "pc-016", "family": "Terminal-Lego", "mount_rc": 0, "read_s": 6.369245767593384, "bytes": 148526110, "fs_used_delta_bytes": 2113536, "mismatch_vs_copy": 0} fill 144264572 clone 5911 cachew 25
{"k": 18, "name": "pc-017", "family": "TMax", "mount_rc": 0, "read_s": 37.53960084915161, "bytes": 1487003832, "fs_used_delta_bytes": 499060736, "mismatch_vs_copy": 0} fill 1028960486 clone 29265 cachew 15195
{"k": 19, "name": "pc-018", "family": "Terminal-Lego", "mount_rc": 0, "read_s": 20.405828952789307, "bytes": 626004456, "fs_used_delta_bytes": 153628672, "mismatch_vs_copy": 0} fill 618459001 clone 15145 cachew 2827
{"k": 20, "name": "pc-019", "family": "Terminal-Lego", "mount_rc": 0, "read_s": 6.331362247467041, "bytes": 148530952, "fs_used_delta_bytes": 1789952, "mismatch_vs_copy": 0} fill 144269422 clone 5911 cachew 6
{"k": 21, "name": "pc-020", "family": "Terminal-Lego", "mount_rc": 0, "read_s": 11.948435306549072, "bytes": 279217529, "fs_used_delta_bytes": 87240704, "mismatch_vs_copy": 0} fill 272055442 clone 9945 cachew 3812
{"k": 22, "name": "pc-021", "family": "Terminal-Lego", "mount_rc": 0, "read_s": 6.177688837051392, "bytes": 148531010, "fs_used_delta_bytes": 1515520, "mismatch_vs_copy": 0} fill 144269480 clone 5911 cachew 1
{"k": 23, "name": "pc-022", "family": "Terminal-Lego", "mount_rc": 0, "read_s": 6.326791524887085, "bytes": 214584713, "fs_used_delta_bytes": 7634944, "mismatch_vs_copy": 0} fill 205851622 clone 5981 cachew 105
{"k": 24, "name": "pc-023", "family": "Terminal-Lego", "mount_rc": 0, "read_s": 14.067257404327393, "bytes": 581696659, "fs_used_delta_bytes": 152977408, "mismatch_vs_copy": 0} fill 563377691 clone 10642 cachew 1415
{"mode": "reflink", "n": 24, "first_image_bytes": 170582016, "per_extra_image_mean_bytes": 201511624.3478261, "per_extra_image_median_bytes": 29401088, "total_bytes": 4805349376, "image_bytes_read": 11147933617, "read_s_median": 11.948435306549072, "mismatches": 0, "mount_failures": 0}
{"k": 1, "name": "pc-000", "family": "Terminal-Lego", "mount_rc": 0, "read_s": 2.8572089672088623, "bytes": 154504389, "fs_used_delta_bytes": 166301696, "mismatch_vs_copy": 0} fill 149922089 clone 0 cachew 0
{"k": 2, "name": "pc-001", "family": "Terminal-Lego", "mount_rc": 0, "read_s": 18.95446491241455, "bytes": 1188426810, "fs_used_delta_bytes": 1281708032, "mismatch_vs_copy": 0} fill 1173304152 clone 0 cachew 0
{"k": 3, "name": "pc-002", "family": "TMax", "mount_rc": 0, "read_s": 5.626962900161743, "bytes": 525059255, "fs_used_delta_bytes": 546222080, "mismatch_vs_copy": 0} fill 516082427 clone 0 cachew 0
{"k": 4, "name": "pc-003", "family": "Terminal-Lego", "mount_rc": 0, "read_s": 1.421280860900879, "bytes": 133672338, "fs_used_delta_bytes": 16846848, "mismatch_vs_copy": 0} fill 14016986 clone 0 cachew 0
{"k": 5, "name": "pc-004", "family": "TMax", "mount_rc": 0, "read_s": 11.902088165283203, "bytes": 1001858822, "fs_used_delta_bytes": 998031360, "mismatch_vs_copy": 0} fill 936280465 clone 0 cachew 0
{"k": 6, "name": "pc-005", "family": "Terminal-Lego", "mount_rc": 0, "read_s": 3.3083858489990234, "bytes": 200188790, "fs_used_delta_bytes": 208838656, "mismatch_vs_copy": 0} fill 193810575 clone 0 cachew 0
{"k": 7, "name": "pc-006", "family": "TMax", "mount_rc": 0, "read_s": 3.6905276775360107, "bytes": 525057430, "fs_used_delta_bytes": 486035456, "mismatch_vs_copy": 0} fill 460057499 clone 0 cachew 0
{"k": 8, "name": "pc-007", "family": "TMax", "mount_rc": 0, "read_s": 6.729169607162476, "bytes": 919846660, "fs_used_delta_bytes": 880242688, "mismatch_vs_copy": 0} fill 853840616 clone 0 cachew 0
{"k": 9, "name": "pc-008", "family": "Terminal-Lego", "mount_rc": 0, "read_s": 1.8275017738342285, "bytes": 154504389, "fs_used_delta_bytes": 10231808, "mismatch_vs_copy": 0} fill 8014805 clone 0 cachew 0
{"k": 10, "name": "pc-009", "family": "Terminal-Lego", "mount_rc": 0, "read_s": 1.4174950122833252, "bytes": 148666045, "fs_used_delta_bytes": 94248960, "mismatch_vs_copy": 0} fill 88183008 clone 0 cachew 0
{"k": 11, "name": "pc-010", "family": "Terminal-Lego", "mount_rc": 0, "read_s": 9.23388409614563, "bytes": 891986417, "fs_used_delta_bytes": 766746624, "mismatch_vs_copy": 0} fill 743569255 clone 0 cachew 0
{"k": 12, "name": "pc-011", "family": "TMax", "mount_rc": 0, "read_s": 8.15445327758789, "bytes": 585991061, "fs_used_delta_bytes": 554565632, "mismatch_vs_copy": 0} fill 526608096 clone 0 cachew 0
{"k": 13, "name": "pc-012", "family": "TMax", "mount_rc": 0, "read_s": 4.383434295654297, "bytes": 525006177, "fs_used_delta_bytes": 485965824, "mismatch_vs_copy": 0} fill 460006246 clone 0 cachew 0
{"k": 14, "name": "pc-013", "family": "Terminal-Lego", "mount_rc": 0, "read_s": 1.2040798664093018, "bytes": 200188848, "fs_used_delta_bytes": 1347584, "mismatch_vs_copy": 0} fill 4915 clone 0 cachew 0
{"k": 15, "name": "pc-014", "family": "Terminal-Lego", "mount_rc": 0, "read_s": 1.465268611907959, "bytes": 156455161, "fs_used_delta_bytes": 83062784, "mismatch_vs_copy": 0} fill 75774197 clone 0 cachew 0
{"k": 16, "name": "pc-015", "family": "Terminal-Lego", "mount_rc": 0, "read_s": 2.6375644207000732, "bytes": 202425764, "fs_used_delta_bytes": 88190976, "mismatch_vs_copy": 0} fill 81064500 clone 0 cachew 0
{"k": 17, "name": "pc-016", "family": "Terminal-Lego", "mount_rc": 0, "read_s": 1.7225046157836914, "bytes": 148526110, "fs_used_delta_bytes": 4349952, "mismatch_vs_copy": 0} fill 2500374 clone 0 cachew 0
{"k": 18, "name": "pc-017", "family": "TMax", "mount_rc": 0, "read_s": 12.273427248001099, "bytes": 1487003832, "fs_used_delta_bytes": 1049743360, "mismatch_vs_copy": 0} fill 978664815 clone 0 cachew 0
{"k": 19, "name": "pc-018", "family": "Terminal-Lego", "mount_rc": 0, "read_s": 6.736119985580444, "bytes": 626004456, "fs_used_delta_bytes": 526278656, "mismatch_vs_copy": 0} fill 501998375 clone 0 cachew 0
{"k": 20, "name": "pc-019", "family": "Terminal-Lego", "mount_rc": 0, "read_s": 1.4521610736846924, "bytes": 148530952, "fs_used_delta_bytes": 1695744, "mismatch_vs_copy": 0} fill 264375 clone 0 cachew 0
{"k": 21, "name": "pc-020", "family": "Terminal-Lego", "mount_rc": 0, "read_s": 3.736544609069824, "bytes": 279217529, "fs_used_delta_bytes": 93753344, "mismatch_vs_copy": 0} fill 80149843 clone 0 cachew 0
{"k": 22, "name": "pc-021", "family": "Terminal-Lego", "mount_rc": 0, "read_s": 1.624422550201416, "bytes": 148531010, "fs_used_delta_bytes": 1421312, "mismatch_vs_copy": 0} fill 4863 clone 0 cachew 0
{"k": 23, "name": "pc-022", "family": "Terminal-Lego", "mount_rc": 0, "read_s": 1.6410136222839355, "bytes": 214584713, "fs_used_delta_bytes": 13979648, "mismatch_vs_copy": 0} fill 12253110 clone 0 cachew 0
{"k": 24, "name": "pc-023", "family": "Terminal-Lego", "mount_rc": 0, "read_s": 4.781190395355225, "bytes": 581696659, "fs_used_delta_bytes": 506667008, "mismatch_vs_copy": 0} fill 490589342 clone 0 cachew 0
{"mode": "multidev", "n": 24, "first_image_bytes": 166301696, "per_extra_image_mean_bytes": 378268449.3913044, "per_extra_image_median_bytes": 208838656, "total_bytes": 8866476032, "image_bytes_read": 11147933617, "read_s_median": 3.6905276775360107, "mismatches": 0, "mount_failures": 0}
