{"k": 1, "idx": 1, "attach_s": 0.11148524284362793, "cmd_s": 1.7136409282684326, "rc": 0, "new_layer_mounts": 0} cachedMB 110.1 usedMB -49.3
{"k": 2, "idx": 2, "attach_s": 0.03681063652038574, "cmd_s": 1.0347943305969238, "rc": 0, "new_layer_mounts": 0} cachedMB 157.3 usedMB -42.4
{"k": 3, "idx": 3, "attach_s": 0.0185544490814209, "cmd_s": 1.1277804374694824, "rc": 0, "new_layer_mounts": 0} cachedMB 197.4 usedMB -71.9
{"k": 4, "idx": 4, "attach_s": 0.06197834014892578, "cmd_s": 0.7046685218811035, "rc": 0, "new_layer_mounts": 0} cachedMB 238.9 usedMB -91.5
{"k": 5, "idx": 6, "attach_s": 0.0433199405670166, "cmd_s": 0.8637392520904541, "rc": 0, "new_layer_mounts": 0} cachedMB 276.2 usedMB -95.2
{"k": 6, "idx": 7, "attach_s": 0.0329442024230957, "cmd_s": 0.8630034923553467, "rc": 0, "new_layer_mounts": 0} cachedMB 328.7 usedMB -86.7
{"k": 7, "idx": 9, "attach_s": 0.01775050163269043, "cmd_s": 0.8785552978515625, "rc": 0, "new_layer_mounts": 0} cachedMB 364.4 usedMB -66.9
{"k": 8, "idx": 11, "attach_s": 0.034972429275512695, "cmd_s": 0.8681061267852783, "rc": 0, "new_layer_mounts": 0} cachedMB 404.1 usedMB -61.9
{"k": 9, "idx": 12, "attach_s": 0.03895902633666992, "cmd_s": 0.7124526500701904, "rc": 0, "new_layer_mounts": 0} cachedMB 441.4 usedMB -51.4
{"k": 10, "idx": 15, "attach_s": 0.022507429122924805, "cmd_s": 1.067875623703003, "rc": 0, "new_layer_mounts": 0} cachedMB 480.3 usedMB -40.7
{"k": 11, "idx": 17, "attach_s": 0.0704343318939209, "cmd_s": 0.8578617572784424, "rc": 0, "new_layer_mounts": 0} cachedMB 524.1 usedMB -36.3
{"k": 12, "idx": 18, "attach_s": 0.051709890365600586, "cmd_s": 1.1385626792907715, "rc": 0, "new_layer_mounts": 0} cachedMB 565.1 usedMB -36.9
{"k": 13, "idx": 26, "attach_s": 0.03583502769470215, "cmd_s": 0.8543009757995605, "rc": 0, "new_layer_mounts": 0} cachedMB 601.4 usedMB -20.5
{"k": 14, "idx": 32, "attach_s": 0.03353095054626465, "cmd_s": 0.8611679077148438, "rc": 0, "new_layer_mounts": 0} cachedMB 639.0 usedMB 11.5
{"k": 15, "idx": 34, "attach_s": 0.025289058685302734, "cmd_s": 1.0410351753234863, "rc": 0, "new_layer_mounts": 0} cachedMB 677.5 usedMB 30.1
{"k": 16, "idx": 36, "attach_s": 0.06052374839782715, "cmd_s": 0.843616247177124, "rc": 0, "new_layer_mounts": 0} cachedMB 718.9 usedMB 79.8
{"k": 17, "idx": 40, "attach_s": 0.02987813949584961, "cmd_s": 1.1179747581481934, "rc": 0, "new_layer_mounts": 0} cachedMB 756.8 usedMB 96.1
{"k": 18, "idx": 42, "attach_s": 0.03674054145812988, "cmd_s": 1.0927271842956543, "rc": 0, "new_layer_mounts": 0} cachedMB 796.6 usedMB 107.7
{"k": 19, "idx": 43, "attach_s": 0.034265756607055664, "cmd_s": 1.1282696723937988, "rc": 0, "new_layer_mounts": 0} cachedMB 844.2 usedMB 143.9
{"k": 20, "idx": 47, "attach_s": 0.03167462348937988, "cmd_s": 0.9182794094085693, "rc": 0, "new_layer_mounts": 0} cachedMB 881.0 usedMB 156.8
{"k": 21, "idx": 50, "attach_s": 0.040621280670166016, "cmd_s": 1.1462736129760742, "rc": 0, "new_layer_mounts": 0} cachedMB 920.9 usedMB 169.7
{"k": 22, "idx": 53, "attach_s": 0.03553271293640137, "cmd_s": 0.8903584480285645, "rc": 0, "new_layer_mounts": 0} cachedMB 959.0 usedMB 199.3
{"k": 23, "idx": 57, "attach_s": 0.030231237411499023, "cmd_s": 1.093048095703125, "rc": 0, "new_layer_mounts": 0} cachedMB 999.0 usedMB 191.5
{"k": 24, "idx": 60, "attach_s": 0.038274526596069336, "cmd_s": 0.8548941612243652, "rc": 0, "new_layer_mounts": 0} cachedMB 1038.2 usedMB 177.2
{"k": 25, "idx": 61, "attach_s": 0.01900005340576172, "cmd_s": 1.3460841178894043, "rc": 0, "new_layer_mounts": 0} cachedMB 1075.3 usedMB 207.1
{"variant": "image", "n": 25, "failures": 0, "first_image_cached_MB": 110.1171875, "first_image_used_MB": -49.34765625, "per_extra_image_cached_MB": 39.88701256793478, "per_extra_image_used_MB": 14.59855808423913, "per_extra_image_slab_MB": 0.14873471467391308, "total_cached_MB": 1075.27734375, "total_used_MB": 207.1171875, "attach_median_s": 0.03553271293640137, "cmd_median_s": 0.9182794094085693, "layer_mounts": 0, "content_check": null, "fand_pack_bytes": 24469905, "backend_rss_delta_MB": 191.38671875}
{"k": 1, "idx": 1, "attach_s": 0.11699652671813965, "cmd_s": 1.872135877609253, "rc": 0, "new_layer_mounts": 0} cachedMB 91.2 usedMB 57.1
{"k": 2, "idx": 2, "attach_s": 0.03500032424926758, "cmd_s": 1.2159786224365234, "rc": 0, "new_layer_mounts": 0} cachedMB 120.2 usedMB 61.9
{"k": 3, "idx": 3, "attach_s": 0.019475698471069336, "cmd_s": 1.4000837802886963, "rc": 0, "new_layer_mounts": 0} cachedMB 141.0 usedMB 41.6
{"k": 4, "idx": 4, "attach_s": 0.06250214576721191, "cmd_s": 1.0822854042053223, "rc": 0, "new_layer_mounts": 0} cachedMB 165.7 usedMB 71.2
{"k": 5, "idx": 6, "attach_s": 0.04379129409790039, "cmd_s": 1.1188018321990967, "rc": 0, "new_layer_mounts": 0} cachedMB 185.2 usedMB 89.0
{"k": 6, "idx": 7, "attach_s": 0.0362396240234375, "cmd_s": 1.0858817100524902, "rc": 0, "new_layer_mounts": 0} cachedMB 205.1 usedMB 81.1
{"k": 7, "idx": 9, "attach_s": 0.017726898193359375, "cmd_s": 1.0958290100097656, "rc": 0, "new_layer_mounts": 0} cachedMB 223.3 usedMB 100.6
{"k": 8, "idx": 11, "attach_s": 0.032707929611206055, "cmd_s": 1.0915346145629883, "rc": 0, "new_layer_mounts": 0} cachedMB 245.5 usedMB 128.2
{"k": 9, "idx": 12, "attach_s": 0.03693532943725586, "cmd_s": 1.0654633045196533, "rc": 0, "new_layer_mounts": 0} cachedMB 264.6 usedMB 146.8
{"k": 10, "idx": 15, "attach_s": 0.02274179458618164, "cmd_s": 1.4151382446289062, "rc": 0, "new_layer_mounts": 0} cachedMB 284.1 usedMB 157.1
{"k": 11, "idx": 17, "attach_s": 0.07059526443481445, "cmd_s": 1.0884995460510254, "rc": 0, "new_layer_mounts": 0} cachedMB 310.8 usedMB 165.4
{"k": 12, "idx": 18, "attach_s": 0.05157160758972168, "cmd_s": 1.3893983364105225, "rc": 0, "new_layer_mounts": 0} cachedMB 332.0 usedMB 164.0
{"k": 13, "idx": 26, "attach_s": 0.03085160255432129, "cmd_s": 1.0961599349975586, "rc": 0, "new_layer_mounts": 0} cachedMB 351.6 usedMB 170.4
{"k": 14, "idx": 32, "attach_s": 0.0337982177734375, "cmd_s": 1.0623655319213867, "rc": 0, "new_layer_mounts": 0} cachedMB 371.8 usedMB 161.1
{"k": 15, "idx": 34, "attach_s": 0.027565479278564453, "cmd_s": 1.4509973526000977, "rc": 0, "new_layer_mounts": 0} cachedMB 389.7 usedMB 140.7
{"k": 16, "idx": 36, "attach_s": 0.06281375885009766, "cmd_s": 1.0471076965332031, "rc": 0, "new_layer_mounts": 0} cachedMB 414.5 usedMB 182.7
{"k": 17, "idx": 40, "attach_s": 0.029097795486450195, "cmd_s": 1.3708562850952148, "rc": 0, "new_layer_mounts": 0} cachedMB 433.6 usedMB 174.7
{"k": 18, "idx": 42, "attach_s": 0.03610634803771973, "cmd_s": 1.2984025478363037, "rc": 0, "new_layer_mounts": 0} cachedMB 454.2 usedMB 200.6
{"k": 19, "idx": 43, "attach_s": 0.03397345542907715, "cmd_s": 1.2638452053070068, "rc": 0, "new_layer_mounts": 0} cachedMB 479.9 usedMB 201.0
{"k": 20, "idx": 47, "attach_s": 0.03290915489196777, "cmd_s": 1.0462539196014404, "rc": 0, "new_layer_mounts": 0} cachedMB 500.0 usedMB 215.5
{"k": 21, "idx": 50, "attach_s": 0.03955578804016113, "cmd_s": 1.3760535717010498, "rc": 0, "new_layer_mounts": 0} cachedMB 520.1 usedMB 236.3
{"k": 22, "idx": 53, "attach_s": 0.03477883338928223, "cmd_s": 1.1126694679260254, "rc": 0, "new_layer_mounts": 0} cachedMB 541.1 usedMB 254.4
{"k": 23, "idx": 57, "attach_s": 0.02942490577697754, "cmd_s": 1.3311357498168945, "rc": 0, "new_layer_mounts": 0} cachedMB 561.7 usedMB 278.1
{"k": 24, "idx": 60, "attach_s": 0.03847026824951172, "cmd_s": 1.4134125709533691, "rc": 0, "new_layer_mounts": 0} cachedMB 582.5 usedMB 315.1
{"k": 25, "idx": 61, "attach_s": 0.01994013786315918, "cmd_s": 1.5262062549591064, "rc": 0, "new_layer_mounts": 0} cachedMB 600.7 usedMB 317.5
{"variant": "image-dio", "n": 25, "failures": 0, "first_image_cached_MB": 91.15234375, "first_image_used_MB": 57.078125, "per_extra_image_cached_MB": 20.983904551630435, "per_extra_image_used_MB": 10.261589673913043, "per_extra_image_slab_MB": 0.4646195652173913, "total_cached_MB": 600.65234375, "total_used_MB": 317.4609375, "attach_median_s": 0.03477883338928223, "cmd_median_s": 1.2159786224365234, "layer_mounts": 0, "content_check": null, "fand_pack_bytes": 24469905, "backend_rss_delta_MB": 192.0546875}
{"k": 1, "idx": 1, "attach_s": 0.14272618293762207, "cmd_s": 1.6369054317474365, "rc": 0, "new_layer_mounts": 7} cachedMB 110.8 usedMB 41.1
{"k": 2, "idx": 2, "attach_s": 0.04538989067077637, "cmd_s": 1.007643222808838, "rc": 0, "new_layer_mounts": 3} cachedMB 158.2 usedMB 73.4
{"k": 3, "idx": 3, "attach_s": 0.019628524780273438, "cmd_s": 0.6860370635986328, "rc": 0, "new_layer_mounts": 3} cachedMB 165.3 usedMB 81.4
{"k": 4, "idx": 4, "attach_s": 0.06130099296569824, "cmd_s": 0.7549664974212646, "rc": 0, "new_layer_mounts": 2} cachedMB 198.1 usedMB 107.7
{"k": 5, "idx": 6, "attach_s": 0.037131547927856445, "cmd_s": 0.7398331165313721, "rc": 0, "new_layer_mounts": 2} cachedMB 225.6 usedMB 109.3
{"k": 6, "idx": 7, "attach_s": 0.03821682929992676, "cmd_s": 0.7331697940826416, "rc": 0, "new_layer_mounts": 2} cachedMB 253.4 usedMB 123.6
{"k": 7, "idx": 9, "attach_s": 0.018903732299804688, "cmd_s": 0.7647247314453125, "rc": 0, "new_layer_mounts": 2} cachedMB 279.0 usedMB 122.5
{"k": 8, "idx": 11, "attach_s": 0.03736114501953125, "cmd_s": 0.8699288368225098, "rc": 0, "new_layer_mounts": 2} cachedMB 316.9 usedMB 156.7
{"k": 9, "idx": 12, "attach_s": 0.038610219955444336, "cmd_s": 0.7247624397277832, "rc": 0, "new_layer_mounts": 2} cachedMB 343.3 usedMB 146.9
{"k": 10, "idx": 15, "attach_s": 0.01784205436706543, "cmd_s": 0.5919661521911621, "rc": 0, "new_layer_mounts": 2} cachedMB 350.0 usedMB 164.4
{"k": 11, "idx": 17, "attach_s": 0.07061338424682617, "cmd_s": 0.8120021820068359, "rc": 0, "new_layer_mounts": 2} cachedMB 391.8 usedMB 186.0
{"k": 12, "idx": 18, "attach_s": 0.040754079818725586, "cmd_s": 0.6505460739135742, "rc": 0, "new_layer_mounts": 2} cachedMB 400.2 usedMB 194.2
{"k": 13, "idx": 26, "attach_s": 0.03681206703186035, "cmd_s": 0.7515456676483154, "rc": 0, "new_layer_mounts": 2} cachedMB 427.7 usedMB 202.6
{"k": 14, "idx": 32, "attach_s": 0.03528571128845215, "cmd_s": 0.7196686267852783, "rc": 0, "new_layer_mounts": 2} cachedMB 455.2 usedMB 235.5
{"k": 15, "idx": 34, "attach_s": 0.009428977966308594, "cmd_s": 0.5915505886077881, "rc": 0, "new_layer_mounts": 1} cachedMB 460.2 usedMB 230.7
{"k": 16, "idx": 36, "attach_s": 0.06838226318359375, "cmd_s": 0.7270894050598145, "rc": 0, "new_layer_mounts": 2} cachedMB 492.1 usedMB 253.7
{"k": 17, "idx": 40, "attach_s": 0.021032333374023438, "cmd_s": 0.6650235652923584, "rc": 0, "new_layer_mounts": 3} cachedMB 497.3 usedMB 252.5
{"k": 18, "idx": 42, "attach_s": 0.021451473236083984, "cmd_s": 0.6196208000183105, "rc": 0, "new_layer_mounts": 2} cachedMB 503.3 usedMB 252.3
{"k": 19, "idx": 43, "attach_s": 0.08003377914428711, "cmd_s": 1.0007057189941406, "rc": 0, "new_layer_mounts": 12} cachedMB 544.0 usedMB 280.6
{"k": 20, "idx": 47, "attach_s": 0.03186321258544922, "cmd_s": 0.7591149806976318, "rc": 0, "new_layer_mounts": 2} cachedMB 571.0 usedMB 288.4
{"k": 21, "idx": 50, "attach_s": 0.02149796485900879, "cmd_s": 0.6418485641479492, "rc": 0, "new_layer_mounts": 1} cachedMB 578.1 usedMB 310.9
{"k": 22, "idx": 53, "attach_s": 0.03243088722229004, "cmd_s": 0.7821803092956543, "rc": 0, "new_layer_mounts": 1} cachedMB 606.0 usedMB 340.1
{"k": 23, "idx": 57, "attach_s": 0.029938697814941406, "cmd_s": 0.6633820533752441, "rc": 0, "new_layer_mounts": 2} cachedMB 612.5 usedMB 349.3
{"k": 24, "idx": 60, "attach_s": 0.018491506576538086, "cmd_s": 0.701852560043335, "rc": 0, "new_layer_mounts": 1} cachedMB 619.0 usedMB 352.2
{"k": 25, "idx": 61, "attach_s": 0.008633852005004883, "cmd_s": 0.729346752166748, "rc": 0, "new_layer_mounts": 1} cachedMB 619.2 usedMB 347.7
{"variant": "layer", "n": 25, "failures": 0, "first_image_cached_MB": 110.79296875, "first_image_used_MB": 41.05078125, "per_extra_image_cached_MB": 21.223797554347826, "per_extra_image_used_MB": 12.558524116847826, "per_extra_image_slab_MB": 0.7890998641304348, "total_cached_MB": 619.21875, "total_used_MB": 347.70703125, "attach_median_s": 0.03528571128845215, "cmd_median_s": 0.729346752166748, "layer_mounts": 63, "content_check": null, "fand_pack_bytes": 24469905, "backend_rss_delta_MB": 166.80078125}
{"k": 1, "idx": 1, "attach_s": 0.1437842845916748, "cmd_s": 1.89430570602417, "rc": 0, "new_layer_mounts": 7} cachedMB 92.4 usedMB 52.1
{"k": 2, "idx": 2, "attach_s": 0.04415488243103027, "cmd_s": 1.2391769886016846, "rc": 0, "new_layer_mounts": 3} cachedMB 121.2 usedMB 52.5
{"k": 3, "idx": 3, "attach_s": 0.01974010467529297, "cmd_s": 0.771672248840332, "rc": 0, "new_layer_mounts": 3} cachedMB 126.9 usedMB 38.7
{"k": 4, "idx": 4, "attach_s": 0.060793399810791016, "cmd_s": 0.9249560832977295, "rc": 0, "new_layer_mounts": 2} cachedMB 145.1 usedMB 61.3
{"k": 5, "idx": 6, "attach_s": 0.03760337829589844, "cmd_s": 0.9163413047790527, "rc": 0, "new_layer_mounts": 2} cachedMB 160.7 usedMB 84.9
{"k": 6, "idx": 7, "attach_s": 0.048018693923950195, "cmd_s": 0.8365654945373535, "rc": 0, "new_layer_mounts": 2} cachedMB 177.1 usedMB 79.5
{"k": 7, "idx": 9, "attach_s": 0.01695561408996582, "cmd_s": 0.9733617305755615, "rc": 0, "new_layer_mounts": 2} cachedMB 190.5 usedMB 103.0
{"k": 8, "idx": 11, "attach_s": 0.03558635711669922, "cmd_s": 1.0787200927734375, "rc": 0, "new_layer_mounts": 2} cachedMB 211.3 usedMB 119.4
{"k": 9, "idx": 12, "attach_s": 0.03851127624511719, "cmd_s": 0.9063560962677002, "rc": 0, "new_layer_mounts": 2} cachedMB 226.5 usedMB 127.9
{"k": 10, "idx": 15, "attach_s": 0.017795085906982422, "cmd_s": 0.6483707427978516, "rc": 0, "new_layer_mounts": 2} cachedMB 230.0 usedMB 154.2
{"k": 11, "idx": 17, "attach_s": 0.0713810920715332, "cmd_s": 1.057065725326538, "rc": 0, "new_layer_mounts": 2} cachedMB 255.0 usedMB 173.5
{"k": 12, "idx": 18, "attach_s": 0.04107379913330078, "cmd_s": 0.7233452796936035, "rc": 0, "new_layer_mounts": 2} cachedMB 260.4 usedMB 170.4
{"k": 13, "idx": 26, "attach_s": 0.03970527648925781, "cmd_s": 0.9475047588348389, "rc": 0, "new_layer_mounts": 2} cachedMB 275.8 usedMB 157.9
{"k": 14, "idx": 32, "attach_s": 0.03377938270568848, "cmd_s": 0.9312601089477539, "rc": 0, "new_layer_mounts": 2} cachedMB 290.3 usedMB 181.1
{"k": 15, "idx": 34, "attach_s": 0.009030342102050781, "cmd_s": 0.7214009761810303, "rc": 0, "new_layer_mounts": 1} cachedMB 293.8 usedMB 174.3
{"k": 16, "idx": 36, "attach_s": 0.06574201583862305, "cmd_s": 0.9095573425292969, "rc": 0, "new_layer_mounts": 2} cachedMB 315.4 usedMB 183.7
{"k": 17, "idx": 40, "attach_s": 0.023447036743164062, "cmd_s": 0.6119225025177002, "rc": 0, "new_layer_mounts": 3} cachedMB 318.4 usedMB 181.2
{"k": 18, "idx": 42, "attach_s": 0.022753238677978516, "cmd_s": 0.7573089599609375, "rc": 0, "new_layer_mounts": 2} cachedMB 322.1 usedMB 190.7
{"k": 19, "idx": 43, "attach_s": 0.09968423843383789, "cmd_s": 1.1708784103393555, "rc": 0, "new_layer_mounts": 12} cachedMB 345.3 usedMB 208.8
{"k": 20, "idx": 47, "attach_s": 0.034009456634521484, "cmd_s": 0.975874662399292, "rc": 0, "new_layer_mounts": 2} cachedMB 358.5 usedMB 217.9
{"k": 21, "idx": 50, "attach_s": 0.02089405059814453, "cmd_s": 0.7901036739349365, "rc": 0, "new_layer_mounts": 1} cachedMB 364.9 usedMB 234.3
{"k": 22, "idx": 53, "attach_s": 0.03265523910522461, "cmd_s": 0.9674112796783447, "rc": 0, "new_layer_mounts": 1} cachedMB 379.9 usedMB 264.1
{"k": 23, "idx": 57, "attach_s": 0.030333280563354492, "cmd_s": 0.7454936504364014, "rc": 0, "new_layer_mounts": 2} cachedMB 384.6 usedMB 250.8
{"k": 24, "idx": 60, "attach_s": 0.018287181854248047, "cmd_s": 0.8354089260101318, "rc": 0, "new_layer_mounts": 1} cachedMB 389.4 usedMB 247.3
{"k": 25, "idx": 61, "attach_s": 0.00938272476196289, "cmd_s": 0.7429273128509521, "rc": 0, "new_layer_mounts": 1} cachedMB 390.3 usedMB 260.9
{"variant": "layer-dio", "n": 25, "failures": 0, "first_image_cached_MB": 92.44140625, "first_image_used_MB": 52.07421875, "per_extra_image_cached_MB": 12.326514945652175, "per_extra_image_used_MB": 9.33097995923913, "per_extra_image_slab_MB": 0.5003923233695653, "total_cached_MB": 390.3125, "total_used_MB": 260.875, "attach_median_s": 0.034009456634521484, "cmd_median_s": 0.9095573425292969, "layer_mounts": 63, "content_check": null, "fand_pack_bytes": 24469905, "backend_rss_delta_MB": 166.77734375}
{"k": 1, "idx": 1, "attach_s": 0.1479189395904541, "cmd_s": 1.3048481941223145, "rc": 0, "new_layer_mounts": 0} cachedMB 111.0 usedMB 119.2
{"k": 2, "idx": 2, "attach_s": 0.04961514472961426, "cmd_s": 0.7010810375213623, "rc": 0, "new_layer_mounts": 0} cachedMB 157.8 usedMB 118.9
{"k": 3, "idx": 3, "attach_s": 0.027887344360351562, "cmd_s": 0.6487503051757812, "rc": 0, "new_layer_mounts": 0} cachedMB 180.7 usedMB 128.7
{"k": 4, "idx": 4, "attach_s": 0.0837099552154541, "cmd_s": 0.45106959342956543, "rc": 0, "new_layer_mounts": 0} cachedMB 216.9 usedMB 136.5
{"k": 5, "idx": 6, "attach_s": 0.06004905700683594, "cmd_s": 0.5003468990325928, "rc": 0, "new_layer_mounts": 0} cachedMB 249.0 usedMB 141.2
{"k": 6, "idx": 7, "attach_s": 0.05913591384887695, "cmd_s": 0.4926185607910156, "rc": 0, "new_layer_mounts": 0} cachedMB 281.4 usedMB 152.8
{"k": 7, "idx": 9, "attach_s": 0.0225374698638916, "cmd_s": 0.48543691635131836, "rc": 0, "new_layer_mounts": 0} cachedMB 311.9 usedMB 171.3
{"k": 8, "idx": 11, "attach_s": 0.05943465232849121, "cmd_s": 0.5291318893432617, "rc": 0, "new_layer_mounts": 0} cachedMB 351.1 usedMB 209.7
{"k": 9, "idx": 12, "attach_s": 0.05675673484802246, "cmd_s": 0.4491407871246338, "rc": 0, "new_layer_mounts": 0} cachedMB 383.2 usedMB 234.2
{"k": 10, "idx": 15, "attach_s": 0.03307819366455078, "cmd_s": 0.6057987213134766, "rc": 0, "new_layer_mounts": 0} cachedMB 404.0 usedMB 242.3
{"k": 11, "idx": 17, "attach_s": 0.09355449676513672, "cmd_s": 0.49440646171569824, "rc": 0, "new_layer_mounts": 0} cachedMB 448.1 usedMB 279.8
{"k": 12, "idx": 18, "attach_s": 0.0684976577758789, "cmd_s": 0.5461881160736084, "rc": 0, "new_layer_mounts": 0} cachedMB 472.3 usedMB 281.8
{"k": 13, "idx": 26, "attach_s": 0.05426812171936035, "cmd_s": 0.4400620460510254, "rc": 0, "new_layer_mounts": 0} cachedMB 504.3 usedMB 305.2
{"k": 14, "idx": 32, "attach_s": 0.05140328407287598, "cmd_s": 0.44071531295776367, "rc": 0, "new_layer_mounts": 0} cachedMB 536.2 usedMB 315.2
{"k": 15, "idx": 34, "attach_s": 0.03371906280517578, "cmd_s": 0.6113734245300293, "rc": 0, "new_layer_mounts": 0} cachedMB 557.6 usedMB 336.8
{"k": 16, "idx": 36, "attach_s": 0.08473658561706543, "cmd_s": 0.43278002738952637, "rc": 0, "new_layer_mounts": 0} cachedMB 593.2 usedMB 367.5
{"k": 17, "idx": 40, "attach_s": 0.043509483337402344, "cmd_s": 0.6006267070770264, "rc": 0, "new_layer_mounts": 0} cachedMB 615.1 usedMB 361.7
{"k": 18, "idx": 42, "attach_s": 0.03774714469909668, "cmd_s": 0.6125168800354004, "rc": 0, "new_layer_mounts": 0} cachedMB 637.7 usedMB 367.6
{"k": 19, "idx": 43, "attach_s": 0.07274270057678223, "cmd_s": 0.6618130207061768, "rc": 0, "new_layer_mounts": 0} cachedMB 681.5 usedMB 384.0
{"k": 20, "idx": 47, "attach_s": 0.05494880676269531, "cmd_s": 0.42929601669311523, "rc": 0, "new_layer_mounts": 0} cachedMB 712.5 usedMB 419.8
{"k": 21, "idx": 50, "attach_s": 0.04861187934875488, "cmd_s": 0.568758487701416, "rc": 0, "new_layer_mounts": 0} cachedMB 735.2 usedMB 439.6
{"k": 22, "idx": 53, "attach_s": 0.06284689903259277, "cmd_s": 0.45325469970703125, "rc": 0, "new_layer_mounts": 0} cachedMB 768.1 usedMB 462.1
{"k": 23, "idx": 57, "attach_s": 0.04534745216369629, "cmd_s": 0.6003963947296143, "rc": 0, "new_layer_mounts": 0} cachedMB 792.0 usedMB 497.3
{"k": 24, "idx": 60, "attach_s": 0.04826831817626953, "cmd_s": 0.554983377456665, "rc": 0, "new_layer_mounts": 0} cachedMB 814.0 usedMB 515.1
{"k": 25, "idx": 61, "attach_s": 0.027071714401245117, "cmd_s": 0.8154375553131104, "rc": 0, "new_layer_mounts": 0} cachedMB 833.0 usedMB 522.8
{"variant": "multidev", "n": 25, "failures": 0, "first_image_cached_MB": 111.0078125, "first_image_used_MB": 119.20703125, "per_extra_image_cached_MB": 30.006370584239132, "per_extra_image_used_MB": 18.180123980978262, "per_extra_image_slab_MB": 0.9117951766304347, "total_cached_MB": 833.01953125, "total_used_MB": 522.75, "attach_median_s": 0.05426812171936035, "cmd_median_s": 0.5461881160736084, "layer_mounts": 0, "content_check": null, "fand_pack_bytes": 24469905, "backend_rss_delta_MB": 166.28125}
{"k": 1, "idx": 1, "attach_s": 0.015944242477416992, "cmd_s": 1.2683193683624268, "rc": 0, "new_layer_mounts": 0} cachedMB 88.8 usedMB 31.2
{"k": 2, "idx": 2, "attach_s": 0.007510185241699219, "cmd_s": 0.6929140090942383, "rc": 0, "new_layer_mounts": 0} cachedMB 123.1 usedMB 15.5
{"k": 3, "idx": 3, "attach_s": 0.007748126983642578, "cmd_s": 0.7952089309692383, "rc": 0, "new_layer_mounts": 0} cachedMB 163.0 usedMB 12.3
{"k": 4, "idx": 4, "attach_s": 0.006594419479370117, "cmd_s": 0.6793928146362305, "rc": 0, "new_layer_mounts": 0} cachedMB 198.4 usedMB 4.7
{"k": 5, "idx": 6, "attach_s": 0.006762504577636719, "cmd_s": 0.6925041675567627, "rc": 0, "new_layer_mounts": 0} cachedMB 232.4 usedMB 4.7
{"k": 6, "idx": 7, "attach_s": 0.008430719375610352, "cmd_s": 0.6738367080688477, "rc": 0, "new_layer_mounts": 0} cachedMB 266.9 usedMB 14.8
{"k": 7, "idx": 9, "attach_s": 0.007607936859130859, "cmd_s": 0.6726820468902588, "rc": 0, "new_layer_mounts": 0} cachedMB 300.9 usedMB 31.6
{"k": 8, "idx": 11, "attach_s": 0.007774829864501953, "cmd_s": 0.6719980239868164, "rc": 0, "new_layer_mounts": 0} cachedMB 335.0 usedMB 38.6
{"k": 9, "idx": 12, "attach_s": 0.008418560028076172, "cmd_s": 0.6731953620910645, "rc": 0, "new_layer_mounts": 0} cachedMB 368.3 usedMB 45.3
{"k": 10, "idx": 15, "attach_s": 0.007560253143310547, "cmd_s": 0.8007519245147705, "rc": 0, "new_layer_mounts": 0} cachedMB 406.6 usedMB 63.1
{"k": 11, "idx": 17, "attach_s": 0.006059885025024414, "cmd_s": 0.6587882041931152, "rc": 0, "new_layer_mounts": 0} cachedMB 440.4 usedMB 82.7
{"k": 12, "idx": 18, "attach_s": 0.007917165756225586, "cmd_s": 0.7918851375579834, "rc": 0, "new_layer_mounts": 0} cachedMB 477.2 usedMB 104.8
{"k": 13, "idx": 26, "attach_s": 0.007861137390136719, "cmd_s": 0.6498253345489502, "rc": 0, "new_layer_mounts": 0} cachedMB 512.2 usedMB 123.8
{"k": 14, "idx": 32, "attach_s": 0.007889032363891602, "cmd_s": 0.6793394088745117, "rc": 0, "new_layer_mounts": 0} cachedMB 545.4 usedMB 147.0
{"k": 15, "idx": 34, "attach_s": 0.005892276763916016, "cmd_s": 0.7916305065155029, "rc": 0, "new_layer_mounts": 0} cachedMB 583.9 usedMB 157.9
{"k": 16, "idx": 36, "attach_s": 0.007781267166137695, "cmd_s": 0.6986100673675537, "rc": 0, "new_layer_mounts": 0} cachedMB 617.7 usedMB 169.4
{"k": 17, "idx": 40, "attach_s": 0.008085966110229492, "cmd_s": 0.8330597877502441, "rc": 0, "new_layer_mounts": 0} cachedMB 655.5 usedMB 163.5
{"k": 18, "idx": 42, "attach_s": 0.007689476013183594, "cmd_s": 0.8404030799865723, "rc": 0, "new_layer_mounts": 0} cachedMB 694.5 usedMB 143.5
{"k": 19, "idx": 43, "attach_s": 0.007820367813110352, "cmd_s": 0.7088606357574463, "rc": 0, "new_layer_mounts": 0} cachedMB 734.2 usedMB 159.7
{"k": 20, "idx": 47, "attach_s": 0.007993936538696289, "cmd_s": 0.6577668190002441, "rc": 0, "new_layer_mounts": 0} cachedMB 767.0 usedMB 162.5
{"k": 21, "idx": 50, "attach_s": 0.008533477783203125, "cmd_s": 0.7776803970336914, "rc": 0, "new_layer_mounts": 0} cachedMB 805.5 usedMB 175.0
{"k": 22, "idx": 53, "attach_s": 0.006872653961181641, "cmd_s": 0.6776633262634277, "rc": 0, "new_layer_mounts": 0} cachedMB 839.5 usedMB 188.3
{"k": 23, "idx": 57, "attach_s": 0.007573604583740234, "cmd_s": 0.8408770561218262, "rc": 0, "new_layer_mounts": 0} cachedMB 877.6 usedMB 173.1
{"k": 24, "idx": 60, "attach_s": 0.007489681243896484, "cmd_s": 0.8759498596191406, "rc": 0, "new_layer_mounts": 0} cachedMB 914.3 usedMB 189.4
{"k": 25, "idx": 61, "attach_s": 0.007652997970581055, "cmd_s": 1.0095224380493164, "rc": 0, "new_layer_mounts": 0} cachedMB 952.1 usedMB 214.6
{"variant": "erofs", "n": 25, "failures": 0, "first_image_cached_MB": 88.8203125, "first_image_used_MB": 31.2421875, "per_extra_image_cached_MB": 35.877394701086956, "per_extra_image_used_MB": 9.679352921195653, "per_extra_image_slab_MB": 0.74921875, "total_cached_MB": 952.078125, "total_used_MB": 214.6484375, "attach_median_s": 0.007748126983642578, "cmd_median_s": 0.6986100673675537, "layer_mounts": 0, "content_check": {"files": 1500, "mismatch": 0, "missing": 0}, "fand_pack_bytes": null, "backend_rss_delta_MB": 0.0}
{"k": 1, "idx": 1, "attach_s": 0.019683837890625, "cmd_s": 1.2067501544952393, "rc": 0, "new_layer_mounts": 0} cachedMB 88.9 usedMB 2.3
{"k": 2, "idx": 2, "attach_s": 0.007709503173828125, "cmd_s": 0.6912167072296143, "rc": 0, "new_layer_mounts": 0} cachedMB 123.9 usedMB 3.8
{"k": 3, "idx": 3, "attach_s": 0.0077288150787353516, "cmd_s": 0.691478967666626, "rc": 0, "new_layer_mounts": 0} cachedMB 132.2 usedMB -18.4
{"k": 4, "idx": 4, "attach_s": 0.008167505264282227, "cmd_s": 0.5267641544342041, "rc": 0, "new_layer_mounts": 0} cachedMB 134.6 usedMB -16.6
{"k": 5, "idx": 6, "attach_s": 0.008049964904785156, "cmd_s": 0.5078716278076172, "rc": 0, "new_layer_mounts": 0} cachedMB 136.8 usedMB -19.3
{"k": 6, "idx": 7, "attach_s": 0.007845163345336914, "cmd_s": 0.5471076965332031, "rc": 0, "new_layer_mounts": 0} cachedMB 139.1 usedMB -16.9
{"k": 7, "idx": 9, "attach_s": 0.005578279495239258, "cmd_s": 0.5296967029571533, "rc": 0, "new_layer_mounts": 0} cachedMB 147.3 usedMB 17.0
{"k": 8, "idx": 11, "attach_s": 0.007784605026245117, "cmd_s": 0.5765008926391602, "rc": 0, "new_layer_mounts": 0} cachedMB 157.7 usedMB 1.2
{"k": 9, "idx": 12, "attach_s": 0.007841110229492188, "cmd_s": 0.5552585124969482, "rc": 0, "new_layer_mounts": 0} cachedMB 159.9 usedMB -1.4
{"k": 10, "idx": 15, "attach_s": 0.008344173431396484, "cmd_s": 0.6533558368682861, "rc": 0, "new_layer_mounts": 0} cachedMB 162.3 usedMB -14.2
{"k": 11, "idx": 17, "attach_s": 0.0075914859771728516, "cmd_s": 0.444399356842041, "rc": 0, "new_layer_mounts": 0} cachedMB 165.1 usedMB -6.8
{"k": 12, "idx": 18, "attach_s": 0.0076122283935546875, "cmd_s": 0.6574487686157227, "rc": 0, "new_layer_mounts": 0} cachedMB 170.8 usedMB -18.9
{"k": 13, "idx": 26, "attach_s": 0.007781267166137695, "cmd_s": 0.5297174453735352, "rc": 0, "new_layer_mounts": 0} cachedMB 195.9 usedMB 31.4
{"k": 14, "idx": 32, "attach_s": 0.0063364505767822266, "cmd_s": 0.5264198780059814, "rc": 0, "new_layer_mounts": 0} cachedMB 199.1 usedMB 50.0
{"k": 15, "idx": 34, "attach_s": 0.008597135543823242, "cmd_s": 0.6759016513824463, "rc": 0, "new_layer_mounts": 0} cachedMB 201.0 usedMB 48.3
{"k": 16, "idx": 36, "attach_s": 0.007666826248168945, "cmd_s": 0.5345375537872314, "rc": 0, "new_layer_mounts": 0} cachedMB 203.5 usedMB 43.5
{"k": 17, "idx": 40, "attach_s": 0.0073316097259521484, "cmd_s": 0.618443489074707, "rc": 0, "new_layer_mounts": 0} cachedMB 205.3 usedMB 39.2
{"k": 18, "idx": 42, "attach_s": 0.010074853897094727, "cmd_s": 0.618117094039917, "rc": 0, "new_layer_mounts": 0} cachedMB 208.2 usedMB 46.0
{"k": 19, "idx": 43, "attach_s": 0.007205963134765625, "cmd_s": 0.6592020988464355, "rc": 0, "new_layer_mounts": 0} cachedMB 230.9 usedMB 47.5
{"k": 20, "idx": 47, "attach_s": 0.008104562759399414, "cmd_s": 0.5420083999633789, "rc": 0, "new_layer_mounts": 0} cachedMB 232.9 usedMB 57.6
{"k": 21, "idx": 50, "attach_s": 0.008011102676391602, "cmd_s": 0.6481335163116455, "rc": 0, "new_layer_mounts": 0} cachedMB 234.6 usedMB 41.8
{"k": 22, "idx": 53, "attach_s": 0.0077440738677978516, "cmd_s": 0.5420331954956055, "rc": 0, "new_layer_mounts": 0} cachedMB 237.7 usedMB 59.2
{"k": 23, "idx": 57, "attach_s": 0.007772684097290039, "cmd_s": 0.6467616558074951, "rc": 0, "new_layer_mounts": 0} cachedMB 240.0 usedMB 55.4
{"k": 24, "idx": 60, "attach_s": 0.0075511932373046875, "cmd_s": 0.7077822685241699, "rc": 0, "new_layer_mounts": 0} cachedMB 241.9 usedMB 56.5
{"k": 25, "idx": 61, "attach_s": 0.007647037506103516, "cmd_s": 0.8910229206085205, "rc": 0, "new_layer_mounts": 0} cachedMB 244.5 usedMB 54.7
{"variant": "ishare", "n": 25, "failures": 0, "first_image_cached_MB": 88.9296875, "first_image_used_MB": 2.3359375, "per_extra_image_cached_MB": 5.724823369565217, "per_extra_image_used_MB": 3.7554110054347825, "per_extra_image_slab_MB": 0.8252887228260869, "total_cached_MB": 244.5234375, "total_used_MB": 54.68359375, "attach_median_s": 0.007772684097290039, "cmd_median_s": 0.618117094039917, "layer_mounts": 0, "content_check": {"files": 1500, "mismatch": 0, "missing": 0}, "fand_pack_bytes": null, "backend_rss_delta_MB": 0.0}
{"k": 1, "idx": 1, "attach_s": 0.022442340850830078, "cmd_s": 1.2853655815124512, "rc": 0, "new_layer_mounts": 0} cachedMB 70.1 usedMB -10.9
{"k": 2, "idx": 2, "attach_s": 0.008672475814819336, "cmd_s": 0.6703042984008789, "rc": 0, "new_layer_mounts": 0} cachedMB 87.0 usedMB -8.0
{"k": 3, "idx": 3, "attach_s": 0.007401466369628906, "cmd_s": 0.7695958614349365, "rc": 0, "new_layer_mounts": 0} cachedMB 107.0 usedMB -26.1
{"k": 4, "idx": 4, "attach_s": 0.006308794021606445, "cmd_s": 0.6517031192779541, "rc": 0, "new_layer_mounts": 0} cachedMB 124.5 usedMB -10.3
{"k": 5, "idx": 6, "attach_s": 0.008392333984375, "cmd_s": 0.6562595367431641, "rc": 0, "new_layer_mounts": 0} cachedMB 140.8 usedMB 7.1
{"k": 6, "idx": 7, "attach_s": 0.00777125358581543, "cmd_s": 0.6540286540985107, "rc": 0, "new_layer_mounts": 0} cachedMB 158.8 usedMB 25.9
{"k": 7, "idx": 9, "attach_s": 0.007614612579345703, "cmd_s": 0.6402137279510498, "rc": 0, "new_layer_mounts": 0} cachedMB 176.5 usedMB 21.1
{"k": 8, "idx": 11, "attach_s": 0.007868766784667969, "cmd_s": 0.6503355503082275, "rc": 0, "new_layer_mounts": 0} cachedMB 193.9 usedMB 26.0
{"k": 9, "idx": 12, "attach_s": 0.00830984115600586, "cmd_s": 0.6541197299957275, "rc": 0, "new_layer_mounts": 0} cachedMB 209.9 usedMB 59.9
{"k": 10, "idx": 15, "attach_s": 0.007511615753173828, "cmd_s": 0.7873246669769287, "rc": 0, "new_layer_mounts": 0} cachedMB 229.4 usedMB 57.6
{"k": 11, "idx": 17, "attach_s": 0.008335590362548828, "cmd_s": 0.6123495101928711, "rc": 0, "new_layer_mounts": 0} cachedMB 247.0 usedMB 62.6
{"k": 12, "idx": 18, "attach_s": 0.007862567901611328, "cmd_s": 0.7617027759552002, "rc": 0, "new_layer_mounts": 0} cachedMB 265.6 usedMB 83.2
{"k": 13, "idx": 26, "attach_s": 0.0071201324462890625, "cmd_s": 0.6522808074951172, "rc": 0, "new_layer_mounts": 0} cachedMB 282.7 usedMB 93.7
{"k": 14, "idx": 32, "attach_s": 0.007905006408691406, "cmd_s": 0.6697559356689453, "rc": 0, "new_layer_mounts": 0} cachedMB 300.0 usedMB 88.0
{"k": 15, "idx": 34, "attach_s": 0.007669210433959961, "cmd_s": 0.8255670070648193, "rc": 0, "new_layer_mounts": 0} cachedMB 318.8 usedMB 94.1
{"k": 16, "idx": 36, "attach_s": 0.007952451705932617, "cmd_s": 0.5992715358734131, "rc": 0, "new_layer_mounts": 0} cachedMB 335.7 usedMB 78.2
{"k": 17, "idx": 40, "attach_s": 0.007654905319213867, "cmd_s": 0.7807662487030029, "rc": 0, "new_layer_mounts": 0} cachedMB 354.7 usedMB 71.7
{"k": 18, "idx": 42, "attach_s": 0.0076258182525634766, "cmd_s": 0.7004091739654541, "rc": 0, "new_layer_mounts": 0} cachedMB 374.1 usedMB 78.9
{"k": 19, "idx": 43, "attach_s": 0.0077364444732666016, "cmd_s": 0.7028181552886963, "rc": 0, "new_layer_mounts": 0} cachedMB 392.9 usedMB 98.2
{"k": 20, "idx": 47, "attach_s": 0.009187936782836914, "cmd_s": 0.6711046695709229, "rc": 0, "new_layer_mounts": 0} cachedMB 410.3 usedMB 81.0
{"k": 21, "idx": 50, "attach_s": 0.007912635803222656, "cmd_s": 0.8123390674591064, "rc": 0, "new_layer_mounts": 0} cachedMB 429.1 usedMB 88.2
{"k": 22, "idx": 53, "attach_s": 0.00793766975402832, "cmd_s": 0.5402071475982666, "rc": 0, "new_layer_mounts": 0} cachedMB 444.9 usedMB 106.7
{"k": 23, "idx": 57, "attach_s": 0.007824420928955078, "cmd_s": 0.7787520885467529, "rc": 0, "new_layer_mounts": 0} cachedMB 465.0 usedMB 120.7
{"k": 24, "idx": 60, "attach_s": 0.007807493209838867, "cmd_s": 0.7936351299285889, "rc": 0, "new_layer_mounts": 0} cachedMB 484.1 usedMB 135.3
{"k": 25, "idx": 61, "attach_s": 0.007687091827392578, "cmd_s": 1.0489230155944824, "rc": 0, "new_layer_mounts": 0} cachedMB 502.9 usedMB 137.7
{"variant": "erofs-dio", "n": 25, "failures": 0, "first_image_cached_MB": 70.1171875, "first_image_used_MB": -10.8515625, "per_extra_image_cached_MB": 17.992637567934782, "per_extra_image_used_MB": 6.003578464673913, "per_extra_image_slab_MB": 0.7816423233695652, "total_cached_MB": 502.91015625, "total_used_MB": 137.73828125, "attach_median_s": 0.007824420928955078, "cmd_median_s": 0.6711046695709229, "layer_mounts": 0, "content_check": {"files": 1500, "mismatch": 0, "missing": 0}, "fand_pack_bytes": null, "backend_rss_delta_MB": 0.0}
{"k": 1, "idx": 1, "attach_s": 0.019510507583618164, "cmd_s": 1.1552484035491943, "rc": 0, "new_layer_mounts": 0} cachedMB 68.0 usedMB -18.1
{"k": 2, "idx": 2, "attach_s": 0.007552385330200195, "cmd_s": 0.6577329635620117, "rc": 0, "new_layer_mounts": 0} cachedMB 85.2 usedMB -3.7
{"k": 3, "idx": 3, "attach_s": 0.005732297897338867, "cmd_s": 0.671128511428833, "rc": 0, "new_layer_mounts": 0} cachedMB 90.4 usedMB -1.6
{"k": 4, "idx": 4, "attach_s": 0.008088111877441406, "cmd_s": 0.496767520904541, "rc": 0, "new_layer_mounts": 0} cachedMB 92.6 usedMB -17.2
{"k": 5, "idx": 6, "attach_s": 0.007936716079711914, "cmd_s": 0.5572619438171387, "rc": 0, "new_layer_mounts": 0} cachedMB 95.2 usedMB -23.1
{"k": 6, "idx": 7, "attach_s": 0.008108377456665039, "cmd_s": 0.547997236251831, "rc": 0, "new_layer_mounts": 0} cachedMB 97.3 usedMB -18.5
{"k": 7, "idx": 9, "attach_s": 0.007514476776123047, "cmd_s": 0.5512382984161377, "rc": 0, "new_layer_mounts": 0} cachedMB 102.8 usedMB -3.9
{"k": 8, "idx": 11, "attach_s": 0.007956981658935547, "cmd_s": 0.5546340942382812, "rc": 0, "new_layer_mounts": 0} cachedMB 108.7 usedMB 18.6
{"k": 9, "idx": 12, "attach_s": 0.007606983184814453, "cmd_s": 0.5804061889648438, "rc": 0, "new_layer_mounts": 0} cachedMB 110.4 usedMB 35.7
{"k": 10, "idx": 15, "attach_s": 0.005747556686401367, "cmd_s": 0.6582469940185547, "rc": 0, "new_layer_mounts": 0} cachedMB 113.1 usedMB 45.6
{"k": 11, "idx": 17, "attach_s": 0.007645845413208008, "cmd_s": 0.5583930015563965, "rc": 0, "new_layer_mounts": 0} cachedMB 115.3 usedMB 42.8
{"k": 12, "idx": 18, "attach_s": 0.007892608642578125, "cmd_s": 0.643815279006958, "rc": 0, "new_layer_mounts": 0} cachedMB 117.5 usedMB 27.4
{"k": 13, "idx": 26, "attach_s": 0.007862567901611328, "cmd_s": 0.5426394939422607, "rc": 0, "new_layer_mounts": 0} cachedMB 119.1 usedMB 44.9
{"k": 14, "idx": 32, "attach_s": 0.006796836853027344, "cmd_s": 0.578758955001831, "rc": 0, "new_layer_mounts": 0} cachedMB 122.0 usedMB 72.8
{"k": 15, "idx": 34, "attach_s": 0.007634401321411133, "cmd_s": 0.636206865310669, "rc": 0, "new_layer_mounts": 0} cachedMB 124.1 usedMB 60.4
{"k": 16, "idx": 36, "attach_s": 0.008856058120727539, "cmd_s": 0.5271196365356445, "rc": 0, "new_layer_mounts": 0} cachedMB 126.3 usedMB 61.6
{"k": 17, "idx": 40, "attach_s": 0.007701873779296875, "cmd_s": 0.6518583297729492, "rc": 0, "new_layer_mounts": 0} cachedMB 128.3 usedMB 51.6
{"k": 18, "idx": 42, "attach_s": 0.007556438446044922, "cmd_s": 0.6722376346588135, "rc": 0, "new_layer_mounts": 0} cachedMB 130.7 usedMB 41.6
{"k": 19, "idx": 43, "attach_s": 0.011315107345581055, "cmd_s": 0.6047780513763428, "rc": 0, "new_layer_mounts": 0} cachedMB 142.7 usedMB 57.2
{"k": 20, "idx": 47, "attach_s": 0.009197711944580078, "cmd_s": 0.5429604053497314, "rc": 0, "new_layer_mounts": 0} cachedMB 144.2 usedMB 42.6
{"k": 21, "idx": 50, "attach_s": 0.007984399795532227, "cmd_s": 0.6637837886810303, "rc": 0, "new_layer_mounts": 0} cachedMB 147.5 usedMB 42.6
{"k": 22, "idx": 53, "attach_s": 0.008740901947021484, "cmd_s": 0.5283956527709961, "rc": 0, "new_layer_mounts": 0} cachedMB 149.3 usedMB 55.5
{"k": 23, "idx": 57, "attach_s": 0.00722050666809082, "cmd_s": 0.6211690902709961, "rc": 0, "new_layer_mounts": 0} cachedMB 152.2 usedMB 42.4
{"k": 24, "idx": 60, "attach_s": 0.00778961181640625, "cmd_s": 0.5918393135070801, "rc": 0, "new_layer_mounts": 0} cachedMB 154.3 usedMB 79.3
{"k": 25, "idx": 61, "attach_s": 0.005322694778442383, "cmd_s": 0.956275224685669, "rc": 0, "new_layer_mounts": 0} cachedMB 156.5 usedMB 83.8
{"variant": "ishare-dio", "n": 25, "failures": 0, "first_image_cached_MB": 68.046875, "first_image_used_MB": -18.109375, "per_extra_image_cached_MB": 3.073571671195652, "per_extra_image_used_MB": 3.671078464673913, "per_extra_image_slab_MB": 0.8089673913043478, "total_cached_MB": 156.54296875, "total_used_MB": 83.8125, "attach_median_s": 0.00778961181640625, "cmd_median_s": 0.5918393135070801, "layer_mounts": 0, "content_check": {"files": 1500, "mismatch": 0, "missing": 0}, "fand_pack_bytes": null, "backend_rss_delta_MB": 0.0}
REST3_DONE
