{"idx": 0, "path": "fan:multidev+f", "cmd": "import_sys", "rep": 0, "error": null} attach 0.149 cold 0.471 0 warm 0.176 MB 3.66 events 153 ev_ms 0.03404000017326325
{"idx": 0, "path": "fan:multidev+f", "cmd": "git_status", "rep": 0, "error": null} attach 0.149 cold 0.301 0 warm 0.117 MB 1.08 events 47 ev_ms 0.026119999802176608
{"idx": 0, "path": "fan:multidev+f", "cmd": "pip_version", "rep": 0, "error": null} attach 0.147 cold 1.496 0 warm 0.73 MB 11.58 events 756 ev_ms 0.1765900001373666
{"idx": 0, "path": "fan:demand+f", "cmd": "import_sys", "rep": 0, "error": null} attach 0.111 cold 0.529 0 warm 0.197 MB 3.66 events 1425 ev_ms 0.019869999960064888
{"idx": 0, "path": "fan:demand+f", "cmd": "git_status", "rep": 0, "error": null} attach 0.076 cold 0.305 0 warm 0.105 MB 1.08 events 434 ev_ms 0.019159999737894395
{"idx": 0, "path": "fan:demand+f", "cmd": "pip_version", "rep": 0, "error": null} attach 0.11 cold 2.102 0 warm 0.758 MB 11.58 events 5513 ev_ms 0.020190000213915482
{"idx": 60, "path": "fan:multidev+f", "cmd": "import_sys", "rep": 0, "error": null} attach 0.188 cold 0.455 0 warm 0.184 MB 4.0 events 137 ev_ms 0.037230000089039095
{"idx": 60, "path": "fan:multidev+f", "cmd": "git_status", "rep": 0, "error": null} attach 0.193 cold 0.419 0 warm 0.172 MB 4.42 events 167 ev_ms 0.13657999988936353
{"idx": 60, "path": "fan:multidev+f", "cmd": "pip_version", "rep": 0, "error": null} attach 0.197 cold 1.621 0 warm 0.707 MB 12.03 events 755 ev_ms 0.2800189995468827
{"idx": 60, "path": "fan:demand+f", "cmd": "import_sys", "rep": 0, "error": null} attach 0.125 cold 0.545 0 warm 0.182 MB 4.0 events 1406 ev_ms 0.019919999886042206
{"idx": 60, "path": "fan:demand+f", "cmd": "git_status", "rep": 0, "error": null} attach 0.113 cold 0.476 0 warm 0.167 MB 4.42 events 1336 ev_ms 0.016319999758707127
{"idx": 60, "path": "fan:demand+f", "cmd": "pip_version", "rep": 0, "error": null} attach 0.128 cold 1.991 0 warm 0.633 MB 12.03 events 5677 ev_ms 0.020339999991847435
{"idx": 63, "path": "fan:multidev+f", "cmd": "import_sys", "rep": 0, "error": null} attach 0.179 cold 0.459 0 warm 0.175 MB 4.0 events 136 ev_ms 0.02919000007750583
{"idx": 63, "path": "fan:multidev+f", "cmd": "git_status", "rep": 0, "error": null} attach 0.176 cold 0.544 0 warm 0.239 MB 4.7 events 362 ev_ms 0.18315899978915695
{"idx": 63, "path": "fan:multidev+f", "cmd": "pip_version", "rep": 0, "error": null} attach 0.175 cold 1.754 0 warm 0.767 MB 12.32 events 800 ev_ms 0.26546000026428374
{"idx": 63, "path": "fan:demand+f", "cmd": "import_sys", "rep": 0, "error": null} attach 0.121 cold 0.555 0 warm 0.165 MB 4.0 events 1546 ev_ms 0.019950000023527537
{"idx": 63, "path": "fan:demand+f", "cmd": "git_status", "rep": 0, "error": null} attach 0.121 cold 0.654 0 warm 0.237 MB 4.7 events 1808 ev_ms 0.02026899983320618
{"idx": 63, "path": "fan:demand+f", "cmd": "pip_version", "rep": 0, "error": null} attach 0.124 cold 2.091 0 warm 0.776 MB 12.32 events 5676 ev_ms 0.020019000203319592
{"idx": 72, "path": "fan:multidev+f", "cmd": "import_sys", "rep": 0, "error": null} attach 0.119 cold 0.525 0 warm 0.187 MB 5.94 events 214 ev_ms 0.03276000006735558
{"idx": 72, "path": "fan:multidev+f", "cmd": "git_status", "rep": 0, "error": null} attach 0.117 cold 0.588 0 warm 0.218 MB 7.98 events 313 ev_ms 0.17204899995704181
{"idx": 72, "path": "fan:multidev+f", "cmd": "pip_version", "rep": 0, "error": null} attach 0.121 cold 0.579 127 warm 0.234 MB 6.27 events 270 ev_ms 0.03251999987696763
{"idx": 72, "path": "fan:demand+f", "cmd": "import_sys", "rep": 0, "error": null} attach 0.09 cold 0.599 0 warm 0.184 MB 5.94 events 2119 ev_ms 0.019739999970624922
{"idx": 72, "path": "fan:demand+f", "cmd": "git_status", "rep": 0, "error": null} attach 0.085 cold 0.667 0 warm 0.22 MB 7.98 events 1930 ev_ms 0.02032999964285409
{"idx": 72, "path": "fan:demand+f", "cmd": "pip_version", "rep": 0, "error": null} attach 0.091 cold 0.728 127 warm 0.23 MB 6.27 events 2225 ev_ms 0.020049000340804923
{"idx": 90, "path": "fan:multidev+f", "cmd": "import_sys", "rep": 0, "error": null} attach 0.081 cold 0.454 0 warm 0.169 MB 4.03 events 148 ev_ms 0.03168900002492592
{"idx": 90, "path": "fan:multidev+f", "cmd": "git_status", "rep": 0, "error": null} attach 0.083 cold 0.309 0 warm 0.118 MB 1.17 events 46 ev_ms 0.029829999675712315
{"idx": 90, "path": "fan:multidev+f", "cmd": "pip_version", "rep": 0, "error": null} attach 0.085 cold 1.496 0 warm 0.671 MB 9.48 events 702 ev_ms 0.2898399998230161
{"idx": 90, "path": "fan:demand+f", "cmd": "import_sys", "rep": 0, "error": null} attach 0.064 cold 0.526 0 warm 0.174 MB 4.03 events 1477 ev_ms 0.019890000203304226
{"idx": 90, "path": "fan:demand+f", "cmd": "git_status", "rep": 0, "error": null} attach 0.063 cold 0.325 0 warm 0.108 MB 1.17 events 460 ev_ms 0.018900000213761814
{"idx": 90, "path": "fan:demand+f", "cmd": "pip_version", "rep": 0, "error": null} attach 0.065 cold 1.802 0 warm 0.691 MB 9.48 events 4385 ev_ms 0.019840000277326908
{"idx": 130, "path": "fan:multidev+f", "cmd": "import_sys", "rep": 0, "error": null} attach 0.082 cold 0.446 0 warm 0.189 MB 3.61 events 139 ev_ms 0.02662999986569048
{"idx": 130, "path": "fan:multidev+f", "cmd": "git_status", "rep": 0, "error": null} attach 0.077 cold 0.303 0 warm 0.12 MB 1.07 events 40 ev_ms 0.025430000277992804
{"idx": 130, "path": "fan:multidev+f", "cmd": "pip_version", "rep": 0, "error": null} attach 0.075 cold 1.181 0 warm 0.455 MB 8.38 events 528 ev_ms 0.24546900021960028
{"idx": 130, "path": "fan:demand+f", "cmd": "import_sys", "rep": 0, "error": null} attach 0.055 cold 0.505 0 warm 0.176 MB 3.61 events 1431 ev_ms 0.019489999885990983
{"idx": 130, "path": "fan:demand+f", "cmd": "git_status", "rep": 0, "error": null} attach 0.053 cold 0.328 0 warm 0.107 MB 1.07 events 425 ev_ms 0.009950000276148785
{"idx": 130, "path": "fan:demand+f", "cmd": "pip_version", "rep": 0, "error": null} attach 0.056 cold 1.48 0 warm 0.473 MB 8.38 events 3864 ev_ms 0.01978999989660224
{"idx": 170, "path": "fan:multidev+f", "cmd": "import_sys", "rep": 0, "error": null} attach 0.141 cold 0.434 0 warm 0.172 MB 3.44 events 145 ev_ms 0.03437000032135984
{"idx": 170, "path": "fan:multidev+f", "cmd": "git_status", "rep": 0, "error": null} attach 0.139 cold 0.297 0 warm 0.111 MB 1.07 events 46 ev_ms 0.023640000108571257
{"idx": 170, "path": "fan:multidev+f", "cmd": "pip_version", "rep": 0, "error": null} attach 0.142 cold 1.284 0 warm 0.555 MB 9.75 events 579 ev_ms 0.2768090002973622
{"idx": 170, "path": "fan:demand+f", "cmd": "import_sys", "rep": 0, "error": null} attach 0.112 cold 0.49 0 warm 0.171 MB 3.44 events 1271 ev_ms 0.01995999991777353
{"idx": 170, "path": "fan:demand+f", "cmd": "git_status", "rep": 0, "error": null} attach 0.1 cold 0.324 0 warm 0.116 MB 1.07 events 429 ev_ms 0.019999999949504854
{"idx": 170, "path": "fan:demand+f", "cmd": "pip_version", "rep": 0, "error": null} attach 0.103 cold 1.538 0 warm 0.517 MB 9.75 events 4257 ev_ms 0.02006999966397416
{"idx": 0, "path": "fan:multidev+f", "cmd": "import_sys", "rep": 1, "error": null} attach 0.146 cold 0.471 0 warm 0.161 MB 3.66 events 144 ev_ms 0.035399999887886224
{"idx": 0, "path": "fan:multidev+f", "cmd": "git_status", "rep": 1, "error": null} attach 0.151 cold 0.301 0 warm 0.104 MB 1.08 events 41 ev_ms 0.03134000007776194
{"idx": 0, "path": "fan:multidev+f", "cmd": "pip_version", "rep": 1, "error": null} attach 0.148 cold 1.649 0 warm 0.741 MB 11.58 events 780 ev_ms 0.24832000008245814
{"idx": 0, "path": "fan:demand+f", "cmd": "import_sys", "rep": 1, "error": null} attach 0.113 cold 0.568 0 warm 0.197 MB 3.79 events 1435 ev_ms 0.019840000277326908
{"idx": 0, "path": "fan:demand+f", "cmd": "git_status", "rep": 1, "error": null} attach 0.114 cold 0.344 0 warm 0.114 MB 1.08 events 434 ev_ms 0.021359999664127827
{"idx": 0, "path": "fan:demand+f", "cmd": "pip_version", "rep": 1, "error": null} attach 0.11 cold 2.089 0 warm 0.72 MB 11.58 events 5613 ev_ms 0.01975999975911691
{"idx": 60, "path": "fan:multidev+f", "cmd": "import_sys", "rep": 1, "error": null} attach 0.194 cold 0.446 0 warm 0.186 MB 4.0 events 149 ev_ms 0.025060000098164892
{"idx": 60, "path": "fan:multidev+f", "cmd": "git_status", "rep": 1, "error": null} attach 0.192 cold 0.376 0 warm 0.159 MB 4.42 events 187 ev_ms 0.03689999994094251
{"idx": 60, "path": "fan:multidev+f", "cmd": "pip_version", "rep": 1, "error": null} attach 0.197 cold 1.657 0 warm 0.735 MB 12.03 events 762 ev_ms 0.2950099997178768
{"idx": 60, "path": "fan:demand+f", "cmd": "import_sys", "rep": 1, "error": null} attach 0.099 cold 0.543 0 warm 0.166 MB 4.0 events 1406 ev_ms 0.019669999801408267
{"idx": 60, "path": "fan:demand+f", "cmd": "git_status", "rep": 1, "error": null} attach 0.125 cold 0.508 0 warm 0.174 MB 4.42 events 1336 ev_ms 0.020109999695705483
{"idx": 60, "path": "fan:demand+f", "cmd": "pip_version", "rep": 1, "error": null} attach 0.132 cold 2.022 0 warm 0.697 MB 12.03 events 5677 ev_ms 0.01995999991777353
{"idx": 63, "path": "fan:multidev+f", "cmd": "import_sys", "rep": 1, "error": null} attach 0.179 cold 0.447 0 warm 0.172 MB 4.0 events 148 ev_ms 0.027200000204175012
{"idx": 63, "path": "fan:multidev+f", "cmd": "git_status", "rep": 1, "error": null} attach 0.171 cold 0.563 0 warm 0.226 MB 4.7 events 374 ev_ms 0.1623600001039449
{"idx": 63, "path": "fan:multidev+f", "cmd": "pip_version", "rep": 1, "error": null} attach 0.177 cold 1.726 0 warm 0.702 MB 12.32 events 817 ev_ms 0.26379000019005616
{"idx": 63, "path": "fan:demand+f", "cmd": "import_sys", "rep": 1, "error": null} attach 0.116 cold 0.556 0 warm 0.18 MB 4.0 events 1546 ev_ms 0.020109999695705483
{"idx": 63, "path": "fan:demand+f", "cmd": "git_status", "rep": 1, "error": null} attach 0.114 cold 0.64 0 warm 0.239 MB 4.7 events 1808 ev_ms 0.019890000203304226
{"idx": 63, "path": "fan:demand+f", "cmd": "pip_version", "rep": 1, "error": null} attach 0.118 cold 1.959 0 warm 0.694 MB 12.32 events 5676 ev_ms 0.020139999833190814
{"idx": 72, "path": "fan:multidev+f", "cmd": "import_sys", "rep": 1, "error": null} attach 0.121 cold 0.519 0 warm 0.188 MB 5.94 events 242 ev_ms 0.033120000352937495
{"idx": 72, "path": "fan:multidev+f", "cmd": "git_status", "rep": 1, "error": null} attach 0.118 cold 0.588 0 warm 0.221 MB 7.98 events 319 ev_ms 0.18042100009552087
{"idx": 72, "path": "fan:multidev+f", "cmd": "pip_version", "rep": 1, "error": null} attach 0.116 cold 0.573 127 warm 0.195 MB 6.27 events 249 ev_ms 0.033209999855898786
{"idx": 72, "path": "fan:demand+f", "cmd": "import_sys", "rep": 1, "error": null} attach 0.09 cold 0.631 0 warm 0.183 MB 5.94 events 2073 ev_ms 0.020139999833190814
{"idx": 72, "path": "fan:demand+f", "cmd": "git_status", "rep": 1, "error": null} attach 0.089 cold 0.7 0 warm 0.218 MB 7.98 events 1930 ev_ms 0.021190000097703887
{"idx": 72, "path": "fan:demand+f", "cmd": "pip_version", "rep": 1, "error": null} attach 0.069 cold 0.717 127 warm 0.232 MB 6.27 events 2333 ev_ms 0.019869999960064888
{"idx": 90, "path": "fan:multidev+f", "cmd": "import_sys", "rep": 1, "error": null} attach 0.085 cold 0.434 0 warm 0.161 MB 4.03 events 144 ev_ms 0.03174999983457383
{"idx": 90, "path": "fan:multidev+f", "cmd": "git_status", "rep": 1, "error": null} attach 0.086 cold 0.293 0 warm 0.114 MB 1.17 events 46 ev_ms 0.02178999966417905
{"idx": 90, "path": "fan:multidev+f", "cmd": "pip_version", "rep": 1, "error": null} attach 0.086 cold 1.5 0 warm 0.668 MB 9.48 events 697 ev_ms 0.2901689999816881
{"idx": 90, "path": "fan:demand+f", "cmd": "import_sys", "rep": 1, "error": null} attach 0.064 cold 0.548 0 warm 0.175 MB 4.03 events 1477 ev_ms 0.01975999975911691
{"idx": 90, "path": "fan:demand+f", "cmd": "git_status", "rep": 1, "error": null} attach 0.066 cold 0.326 0 warm 0.117 MB 1.17 events 460 ev_ms 0.019980000161012867
{"idx": 90, "path": "fan:demand+f", "cmd": "pip_version", "rep": 1, "error": null} attach 0.057 cold 1.837 0 warm 0.717 MB 9.48 events 4405 ev_ms 0.02033000009760144
{"idx": 130, "path": "fan:multidev+f", "cmd": "import_sys", "rep": 1, "error": null} attach 0.075 cold 0.416 0 warm 0.15 MB 3.61 events 137 ev_ms 0.03116000016234466
{"idx": 130, "path": "fan:multidev+f", "cmd": "git_status", "rep": 1, "error": null} attach 0.075 cold 0.259 0 warm 0.11 MB 1.07 events 44 ev_ms 0.023269999928743346
{"idx": 130, "path": "fan:multidev+f", "cmd": "pip_version", "rep": 1, "error": null} attach 0.074 cold 1.237 0 warm 0.486 MB 8.38 events 536 ev_ms 0.24159899976439192
{"idx": 130, "path": "fan:demand+f", "cmd": "import_sys", "rep": 1, "error": null} attach 0.054 cold 0.474 0 warm 0.173 MB 3.61 events 1453 ev_ms 0.008739999884710414
{"idx": 130, "path": "fan:demand+f", "cmd": "git_status", "rep": 1, "error": null} attach 0.055 cold 0.341 0 warm 0.115 MB 1.07 events 425 ev_ms 0.01947999999174499
{"idx": 130, "path": "fan:demand+f", "cmd": "pip_version", "rep": 1, "error": null} attach 0.055 cold 1.45 0 warm 0.55 MB 8.38 events 3886 ev_ms 0.01981999957934022
{"idx": 170, "path": "fan:multidev+f", "cmd": "import_sys", "rep": 1, "error": null} attach 0.139 cold 0.437 0 warm 0.178 MB 3.44 events 139 ev_ms 0.03355999979248736
{"idx": 170, "path": "fan:multidev+f", "cmd": "git_status", "rep": 1, "error": null} attach 0.111 cold 0.297 0 warm 0.116 MB 1.07 events 47 ev_ms 0.02409999979136046
{"idx": 170, "path": "fan:multidev+f", "cmd": "pip_version", "rep": 1, "error": null} attach 0.139 cold 1.251 0 warm 0.618 MB 9.75 events 595 ev_ms 0.25790999961827765
{"idx": 170, "path": "fan:demand+f", "cmd": "import_sys", "rep": 1, "error": null} attach 0.101 cold 0.489 0 warm 0.159 MB 3.44 events 1277 ev_ms 0.0198500001715729
{"idx": 170, "path": "fan:demand+f", "cmd": "git_status", "rep": 1, "error": null} attach 0.101 cold 0.311 0 warm 0.119 MB 1.07 events 429 ev_ms 0.01909000002342509
{"idx": 170, "path": "fan:demand+f", "cmd": "pip_version", "rep": 1, "error": null} attach 0.109 cold 1.562 0 warm 0.54 MB 9.75 events 4272 ev_ms 0.019719999727385584
