{"idx": 0, "path": "nbd:demand", "cmd": "import_sys", "rep": 0, "error": null} attach 0.147 cold 0.52 0 warm 0.204 MB 3.84 events None ev_ms None
{"idx": 0, "path": "nbd:demand", "cmd": "git_status", "rep": 0, "error": null} attach 0.142 cold 0.303 0 warm 0.126 MB 1.13 events None ev_ms None
{"idx": 0, "path": "nbd:demand", "cmd": "pip_version", "rep": 0, "error": null} attach 0.139 cold 2.032 0 warm 0.835 MB 12.25 events None ev_ms None
{"idx": 0, "path": "fan:demand", "cmd": "import_sys", "rep": 0, "error": null} attach 0.116 cold 0.602 0 warm 0.196 MB 3.66 events 1418 ev_ms 0.05899999996472616
{"idx": 0, "path": "fan:demand", "cmd": "git_status", "rep": 0, "error": null} attach 0.091 cold 0.309 0 warm 0.117 MB 1.08 events 434 ev_ms 0.06992899989199941
{"idx": 0, "path": "fan:demand", "cmd": "pip_version", "rep": 0, "error": null} attach 0.099 cold 2.36 0 warm 0.761 MB 11.58 events 5621 ev_ms 0.06504999987555493
{"idx": 0, "path": "nbd:readaround", "cmd": "import_sys", "rep": 0, "error": null} attach 0.143 cold 0.611 0 warm 0.168 MB 21.92 events None ev_ms None
{"idx": 0, "path": "nbd:readaround", "cmd": "git_status", "rep": 0, "error": null} attach 0.153 cold 0.302 0 warm 0.105 MB 6.1 events None ev_ms None
{"idx": 0, "path": "nbd:readaround", "cmd": "pip_version", "rep": 0, "error": null} attach 0.149 cold 1.798 0 warm 0.688 MB 44.68 events None ev_ms None
{"idx": 0, "path": "fan:window", "cmd": "import_sys", "rep": 0, "error": null} attach 0.115 cold 0.812 0 warm 0.196 MB 13.69 events 1335 ev_ms 0.07456999992427882
{"idx": 0, "path": "fan:window", "cmd": "git_status", "rep": 0, "error": null} attach 0.112 cold 0.353 0 warm 0.116 MB 2.53 events 434 ev_ms 0.05257999987406947
{"idx": 0, "path": "fan:window", "cmd": "pip_version", "rep": 0, "error": null} attach 0.11 cold 2.481 0 warm 0.844 MB 33.69 events 5513 ev_ms 0.06796000002395886
{"idx": 60, "path": "nbd:demand", "cmd": "import_sys", "rep": 0, "error": null} attach 0.164 cold 0.491 0 warm 0.184 MB 4.0 events None ev_ms None
{"idx": 60, "path": "nbd:demand", "cmd": "git_status", "rep": 0, "error": null} attach 0.165 cold 0.451 0 warm 0.165 MB 4.84 events None ev_ms None
{"idx": 60, "path": "nbd:demand", "cmd": "pip_version", "rep": 0, "error": null} attach 0.163 cold 1.917 0 warm 0.66 MB 12.64 events None ev_ms None
{"idx": 60, "path": "fan:demand", "cmd": "import_sys", "rep": 0, "error": null} attach 0.125 cold 0.518 0 warm 0.115 MB 4.0 events 1406 ev_ms 0.04150000017943967
{"idx": 60, "path": "fan:demand", "cmd": "git_status", "rep": 0, "error": null} attach 0.124 cold 0.534 0 warm 0.144 MB 4.42 events 1336 ev_ms 0.05946000010226271
{"idx": 60, "path": "fan:demand", "cmd": "pip_version", "rep": 0, "error": null} attach 0.109 cold 2.334 0 warm 0.714 MB 12.03 events 5677 ev_ms 0.07323999989239383
{"idx": 60, "path": "nbd:readaround", "cmd": "import_sys", "rep": 0, "error": null} attach 0.166 cold 0.696 0 warm 0.185 MB 23.05 events None ev_ms None
{"idx": 60, "path": "nbd:readaround", "cmd": "git_status", "rep": 0, "error": null} attach 0.161 cold 0.476 0 warm 0.165 MB 16.02 events None ev_ms None
{"idx": 60, "path": "nbd:readaround", "cmd": "pip_version", "rep": 0, "error": null} attach 0.155 cold 1.875 0 warm 0.715 MB 48.68 events None ev_ms None
{"idx": 60, "path": "fan:window", "cmd": "import_sys", "rep": 0, "error": null} attach 0.126 cold 0.791 0 warm 0.192 MB 14.43 events 1406 ev_ms 0.0643999999283551
{"idx": 60, "path": "fan:window", "cmd": "git_status", "rep": 0, "error": null} attach 0.126 cold 0.646 0 warm 0.163 MB 12.27 events 1336 ev_ms 0.07484899992959981
{"idx": 60, "path": "fan:window", "cmd": "pip_version", "rep": 0, "error": null} attach 0.124 cold 2.621 0 warm 0.669 MB 36.35 events 5678 ev_ms 0.07778999997753999
{"idx": 63, "path": "nbd:demand", "cmd": "import_sys", "rep": 0, "error": null} attach 0.145 cold 0.466 0 warm 0.18 MB 4.85 events None ev_ms None
{"idx": 63, "path": "nbd:demand", "cmd": "git_status", "rep": 0, "error": null} attach 0.15 cold 0.668 0 warm 0.234 MB 5.44 events None ev_ms None
{"idx": 63, "path": "nbd:demand", "cmd": "pip_version", "rep": 0, "error": null} attach 0.146 cold 1.995 0 warm 0.719 MB 13.68 events None ev_ms None
{"idx": 63, "path": "fan:demand", "cmd": "import_sys", "rep": 0, "error": null} attach 0.12 cold 0.639 0 warm 0.171 MB 4.0 events 1546 ev_ms 0.06876100019326259
{"idx": 63, "path": "fan:demand", "cmd": "git_status", "rep": 0, "error": null} attach 0.119 cold 0.676 0 warm 0.204 MB 4.7 events 1808 ev_ms 0.06048999989616277
{"idx": 63, "path": "fan:demand", "cmd": "pip_version", "rep": 0, "error": null} attach 0.094 cold 2.385 0 warm 0.79 MB 12.32 events 5676 ev_ms 0.06558899985975586
{"idx": 63, "path": "nbd:readaround", "cmd": "import_sys", "rep": 0, "error": null} attach 0.148 cold 0.507 0 warm 0.169 MB 24.35 events None ev_ms None
{"idx": 63, "path": "nbd:readaround", "cmd": "git_status", "rep": 0, "error": null} attach 0.144 cold 0.611 0 warm 0.229 MB 17.64 events None ev_ms None
{"idx": 63, "path": "nbd:readaround", "cmd": "pip_version", "rep": 0, "error": null} attach 0.143 cold 1.797 0 warm 0.727 MB 49.84 events None ev_ms None
{"idx": 63, "path": "fan:window", "cmd": "import_sys", "rep": 0, "error": null} attach 0.123 cold 0.783 0 warm 0.178 MB 12.33 events 1546 ev_ms 0.07211000001916545
{"idx": 63, "path": "fan:window", "cmd": "git_status", "rep": 0, "error": null} attach 0.117 cold 0.807 0 warm 0.234 MB 11.03 events 1808 ev_ms 0.07588000016767182
{"idx": 63, "path": "fan:window", "cmd": "pip_version", "rep": 0, "error": null} attach 0.12 cold 2.711 0 warm 0.777 MB 38.72 events 5676 ev_ms 0.08234999995693215
{"idx": 72, "path": "nbd:demand", "cmd": "import_sys", "rep": 0, "error": null} attach 0.104 cold 0.551 0 warm 0.185 MB 7.33 events None ev_ms None
{"idx": 72, "path": "nbd:demand", "cmd": "git_status", "rep": 0, "error": null} attach 0.108 cold 0.62 0 warm 0.213 MB 9.26 events None ev_ms None
{"idx": 72, "path": "nbd:demand", "cmd": "pip_version", "rep": 0, "error": null} attach 0.107 cold 0.643 127 warm 0.187 MB 7.51 events None ev_ms None
{"idx": 72, "path": "fan:demand", "cmd": "import_sys", "rep": 0, "error": null} attach 0.088 cold 0.686 0 warm 0.156 MB 5.94 events 2109 ev_ms 0.06483000015578
{"idx": 72, "path": "fan:demand", "cmd": "git_status", "rep": 0, "error": null} attach 0.089 cold 0.754 0 warm 0.232 MB 7.98 events 1930 ev_ms 0.0683190000927425
{"idx": 72, "path": "fan:demand", "cmd": "pip_version", "rep": 0, "error": null} attach 0.09 cold 0.824 127 warm 0.227 MB 6.27 events 2340 ev_ms 0.06258999997044157
{"idx": 72, "path": "nbd:readaround", "cmd": "import_sys", "rep": 0, "error": null} attach 0.107 cold 0.6 0 warm 0.189 MB 28.52 events None ev_ms None
{"idx": 72, "path": "nbd:readaround", "cmd": "git_status", "rep": 0, "error": null} attach 0.104 cold 0.58 0 warm 0.213 MB 24.45 events None ev_ms None
{"idx": 72, "path": "nbd:readaround", "cmd": "pip_version", "rep": 0, "error": null} attach 0.112 cold 0.681 127 warm 0.247 MB 30.46 events None ev_ms None
{"idx": 72, "path": "fan:window", "cmd": "import_sys", "rep": 0, "error": null} attach 0.089 cold 0.767 0 warm 0.141 MB 17.42 events 2107 ev_ms 0.04895000006399641
{"idx": 72, "path": "fan:window", "cmd": "git_status", "rep": 0, "error": null} attach 0.086 cold 0.903 0 warm 0.215 MB 16.91 events 1930 ev_ms 0.0798800001575728
{"idx": 72, "path": "fan:window", "cmd": "pip_version", "rep": 0, "error": null} attach 0.092 cold 0.937 127 warm 0.233 MB 19.17 events 2273 ev_ms 0.05268900008559285
{"idx": 90, "path": "nbd:demand", "cmd": "import_sys", "rep": 0, "error": null} attach 0.089 cold 0.453 0 warm 0.172 MB 4.55 events None ev_ms None
{"idx": 90, "path": "nbd:demand", "cmd": "git_status", "rep": 0, "error": null} attach 0.081 cold 0.307 0 warm 0.124 MB 1.49 events None ev_ms None
{"idx": 90, "path": "nbd:demand", "cmd": "pip_version", "rep": 0, "error": null} attach 0.084 cold 1.76 0 warm 0.729 MB 10.1 events None ev_ms None
{"idx": 90, "path": "fan:demand", "cmd": "import_sys", "rep": 0, "error": null} attach 0.066 cold 0.587 0 warm 0.177 MB 4.03 events 1477 ev_ms 0.052929999810658046
{"idx": 90, "path": "fan:demand", "cmd": "git_status", "rep": 0, "error": null} attach 0.064 cold 0.303 0 warm 0.12 MB 1.17 events 460 ev_ms 0.06512000004477159
{"idx": 90, "path": "fan:demand", "cmd": "pip_version", "rep": 0, "error": null} attach 0.065 cold 2.013 0 warm 0.629 MB 9.48 events 4385 ev_ms 0.06356000017149199
{"idx": 90, "path": "nbd:readaround", "cmd": "import_sys", "rep": 0, "error": null} attach 0.05 cold 0.439 0 warm 0.177 MB 22.8 events None ev_ms None
{"idx": 90, "path": "nbd:readaround", "cmd": "git_status", "rep": 0, "error": null} attach 0.078 cold 0.291 0 warm 0.112 MB 11.23 events None ev_ms None
{"idx": 90, "path": "nbd:readaround", "cmd": "pip_version", "rep": 0, "error": null} attach 0.078 cold 1.478 0 warm 0.786 MB 40.15 events None ev_ms None
{"idx": 90, "path": "fan:window", "cmd": "import_sys", "rep": 0, "error": null} attach 0.064 cold 0.703 0 warm 0.172 MB 11.69 events 1477 ev_ms 0.06709000012961042
{"idx": 90, "path": "fan:window", "cmd": "git_status", "rep": 0, "error": null} attach 0.065 cold 0.401 0 warm 0.115 MB 3.42 events 460 ev_ms 0.06925000002411252
{"idx": 90, "path": "fan:window", "cmd": "pip_version", "rep": 0, "error": null} attach 0.064 cold 2.135 0 warm 0.71 MB 29.15 events 4385 ev_ms 0.05768999994870683
{"idx": 130, "path": "nbd:demand", "cmd": "import_sys", "rep": 0, "error": null} attach 0.071 cold 0.459 0 warm 0.171 MB 4.13 events None ev_ms None
{"idx": 130, "path": "nbd:demand", "cmd": "git_status", "rep": 0, "error": null} attach 0.071 cold 0.303 0 warm 0.11 MB 1.6 events None ev_ms None
{"idx": 130, "path": "nbd:demand", "cmd": "pip_version", "rep": 0, "error": null} attach 0.074 cold 1.34 0 warm 0.486 MB 8.8 events None ev_ms None
{"idx": 130, "path": "fan:demand", "cmd": "import_sys", "rep": 0, "error": null} attach 0.053 cold 0.585 0 warm 0.188 MB 3.61 events 1351 ev_ms 0.06563000010828546
{"idx": 130, "path": "fan:demand", "cmd": "git_status", "rep": 0, "error": null} attach 0.053 cold 0.332 0 warm 0.122 MB 1.07 events 425 ev_ms 0.05005899993193452
{"idx": 130, "path": "fan:demand", "cmd": "pip_version", "rep": 0, "error": null} attach 0.054 cold 1.474 0 warm 0.426 MB 8.38 events 3864 ev_ms 0.051170000006095506
{"idx": 130, "path": "nbd:readaround", "cmd": "import_sys", "rep": 0, "error": null} attach 0.079 cold 0.417 0 warm 0.177 MB 15.46 events None ev_ms None
{"idx": 130, "path": "nbd:readaround", "cmd": "git_status", "rep": 0, "error": null} attach 0.072 cold 0.296 0 warm 0.117 MB 8.07 events None ev_ms None
{"idx": 130, "path": "nbd:readaround", "cmd": "pip_version", "rep": 0, "error": null} attach 0.057 cold 1.062 0 warm 0.505 MB 24.21 events None ev_ms None
{"idx": 130, "path": "fan:window", "cmd": "import_sys", "rep": 0, "error": null} attach 0.062 cold 0.683 0 warm 0.184 MB 9.97 events 1351 ev_ms 0.0690499998654559
{"idx": 130, "path": "fan:window", "cmd": "git_status", "rep": 0, "error": null} attach 0.055 cold 0.376 0 warm 0.118 MB 3.86 events 425 ev_ms 0.05218999990574957
{"idx": 130, "path": "fan:window", "cmd": "pip_version", "rep": 0, "error": null} attach 0.055 cold 1.762 0 warm 0.525 MB 19.67 events 3962 ev_ms 0.06779000000278756
{"idx": 170, "path": "nbd:demand", "cmd": "import_sys", "rep": 0, "error": null} attach 0.12 cold 0.459 0 warm 0.182 MB 4.32 events None ev_ms None
{"idx": 170, "path": "nbd:demand", "cmd": "git_status", "rep": 0, "error": null} attach 0.111 cold 0.298 0 warm 0.108 MB 1.97 events None ev_ms None
{"idx": 170, "path": "nbd:demand", "cmd": "pip_version", "rep": 0, "error": null} attach 0.123 cold 1.461 0 warm 0.514 MB 10.94 events None ev_ms None
{"idx": 170, "path": "fan:demand", "cmd": "import_sys", "rep": 0, "error": null} attach 0.107 cold 0.573 0 warm 0.181 MB 3.44 events 1277 ev_ms 0.0628400000550755
{"idx": 170, "path": "fan:demand", "cmd": "git_status", "rep": 0, "error": null} attach 0.105 cold 0.341 0 warm 0.104 MB 1.07 events 429 ev_ms 0.0700900000083493
{"idx": 170, "path": "fan:demand", "cmd": "pip_version", "rep": 0, "error": null} attach 0.104 cold 1.852 0 warm 0.457 MB 9.75 events 4290 ev_ms 0.07095000000845175
{"idx": 170, "path": "nbd:readaround", "cmd": "import_sys", "rep": 0, "error": null} attach 0.133 cold 0.558 0 warm 0.178 MB 22.93 events None ev_ms None
{"idx": 170, "path": "nbd:readaround", "cmd": "git_status", "rep": 0, "error": null} attach 0.109 cold 0.236 0 warm 0.066 MB 8.05 events None ev_ms None
{"idx": 170, "path": "nbd:readaround", "cmd": "pip_version", "rep": 0, "error": null} attach 0.122 cold 1.421 0 warm 0.532 MB 39.46 events None ev_ms None
{"idx": 170, "path": "fan:window", "cmd": "import_sys", "rep": 0, "error": null} attach 0.076 cold 0.704 0 warm 0.179 MB 11.88 events 1277 ev_ms 0.06352999980663299
{"idx": 170, "path": "fan:window", "cmd": "git_status", "rep": 0, "error": null} attach 0.105 cold 0.383 0 warm 0.12 MB 3.1 events 429 ev_ms 0.05136999993737845
{"idx": 170, "path": "fan:window", "cmd": "pip_version", "rep": 0, "error": null} attach 0.104 cold 1.982 0 warm 0.507 MB 32.87 events 4249 ev_ms 0.05455900009110337
{"idx": 0, "path": "nbd:demand", "cmd": "import_sys", "rep": 1, "error": null} attach 0.138 cold 0.517 0 warm 0.195 MB 3.84 events None ev_ms None
{"idx": 0, "path": "nbd:demand", "cmd": "git_status", "rep": 1, "error": null} attach 0.132 cold 0.294 0 warm 0.112 MB 1.13 events None ev_ms None
{"idx": 0, "path": "nbd:demand", "cmd": "pip_version", "rep": 1, "error": null} attach 0.116 cold 2.02 0 warm 0.74 MB 12.25 events None ev_ms None
{"idx": 0, "path": "fan:demand", "cmd": "import_sys", "rep": 1, "error": null} attach 0.111 cold 0.573 0 warm 0.181 MB 3.66 events 1435 ev_ms 0.07043999994493788
{"idx": 0, "path": "fan:demand", "cmd": "git_status", "rep": 1, "error": null} attach 0.111 cold 0.349 0 warm 0.114 MB 1.08 events 434 ev_ms 0.07383999991361634
{"idx": 0, "path": "fan:demand", "cmd": "pip_version", "rep": 1, "error": null} attach 0.112 cold 2.265 0 warm 0.799 MB 11.58 events 5589 ev_ms 0.052310000000943546
{"idx": 0, "path": "nbd:readaround", "cmd": "import_sys", "rep": 1, "error": null} attach 0.132 cold 0.643 0 warm 0.193 MB 21.78 events None ev_ms None
{"idx": 0, "path": "nbd:readaround", "cmd": "git_status", "rep": 1, "error": null} attach 0.145 cold 0.266 0 warm 0.115 MB 6.1 events None ev_ms None
{"idx": 0, "path": "nbd:readaround", "cmd": "pip_version", "rep": 1, "error": null} attach 0.139 cold 1.633 0 warm 0.807 MB 44.68 events None ev_ms None
{"idx": 0, "path": "fan:window", "cmd": "import_sys", "rep": 1, "error": null} attach 0.112 cold 0.811 0 warm 0.192 MB 13.69 events 1372 ev_ms 0.07220999987112009
{"idx": 0, "path": "fan:window", "cmd": "git_status", "rep": 1, "error": null} attach 0.111 cold 0.384 0 warm 0.105 MB 2.53 events 434 ev_ms 0.07223000011435943
{"idx": 0, "path": "fan:window", "cmd": "pip_version", "rep": 1, "error": null} attach 0.1 cold 2.605 0 warm 0.708 MB 33.69 events 5599 ev_ms 0.07085000015649712
{"idx": 60, "path": "nbd:demand", "cmd": "import_sys", "rep": 1, "error": null} attach 0.162 cold 0.453 0 warm 0.187 MB 4.0 events None ev_ms None
{"idx": 60, "path": "nbd:demand", "cmd": "git_status", "rep": 1, "error": null} attach 0.163 cold 0.444 0 warm 0.136 MB 4.84 events None ev_ms None
{"idx": 60, "path": "nbd:demand", "cmd": "pip_version", "rep": 1, "error": null} attach 0.158 cold 1.866 0 warm 0.691 MB 12.64 events None ev_ms None
{"idx": 60, "path": "fan:demand", "cmd": "import_sys", "rep": 1, "error": null} attach 0.125 cold 0.62 0 warm 0.187 MB 4.0 events 1406 ev_ms 0.06787899997107161
{"idx": 60, "path": "fan:demand", "cmd": "git_status", "rep": 1, "error": null} attach 0.124 cold 0.565 0 warm 0.16 MB 4.42 events 1336 ev_ms 0.07333999997172214
{"idx": 60, "path": "fan:demand", "cmd": "pip_version", "rep": 1, "error": null} attach 0.126 cold 2.217 0 warm 0.76 MB 12.03 events 5677 ev_ms 0.05164999993212405
{"idx": 60, "path": "nbd:readaround", "cmd": "import_sys", "rep": 1, "error": null} attach 0.164 cold 0.654 0 warm 0.174 MB 23.05 events None ev_ms None
{"idx": 60, "path": "nbd:readaround", "cmd": "git_status", "rep": 1, "error": null} attach 0.163 cold 0.481 0 warm 0.17 MB 16.02 events None ev_ms None
{"idx": 60, "path": "nbd:readaround", "cmd": "pip_version", "rep": 1, "error": null} attach 0.161 cold 1.873 0 warm 0.663 MB 48.68 events None ev_ms None
{"idx": 60, "path": "fan:window", "cmd": "import_sys", "rep": 1, "error": null} attach 0.133 cold 0.809 0 warm 0.176 MB 14.43 events 1406 ev_ms 0.0801799997134367
{"idx": 60, "path": "fan:window", "cmd": "git_status", "rep": 1, "error": null} attach 0.1 cold 0.643 0 warm 0.148 MB 12.27 events 1336 ev_ms 0.07343000015680445
{"idx": 60, "path": "fan:window", "cmd": "pip_version", "rep": 1, "error": null} attach 0.131 cold 2.656 0 warm 0.717 MB 36.35 events 5677 ev_ms 0.07995100031621405
{"idx": 63, "path": "nbd:demand", "cmd": "import_sys", "rep": 1, "error": null} attach 0.159 cold 0.452 0 warm 0.177 MB 4.85 events None ev_ms None
{"idx": 63, "path": "nbd:demand", "cmd": "git_status", "rep": 1, "error": null} attach 0.149 cold 0.657 0 warm 0.243 MB 5.44 events None ev_ms None
{"idx": 63, "path": "nbd:demand", "cmd": "pip_version", "rep": 1, "error": null} attach 0.142 cold 1.98 0 warm 0.722 MB 13.76 events None ev_ms None
{"idx": 63, "path": "fan:demand", "cmd": "import_sys", "rep": 1, "error": null} attach 0.119 cold 0.624 0 warm 0.177 MB 4.0 events 1546 ev_ms 0.0540500000170141
{"idx": 63, "path": "fan:demand", "cmd": "git_status", "rep": 1, "error": null} attach 0.12 cold 0.763 0 warm 0.22 MB 4.7 events 1808 ev_ms 0.07561999973404454
{"idx": 63, "path": "fan:demand", "cmd": "pip_version", "rep": 1, "error": null} attach 0.119 cold 2.352 0 warm 0.725 MB 12.22 events 5665 ev_ms 0.06365999979607295
{"idx": 63, "path": "nbd:readaround", "cmd": "import_sys", "rep": 1, "error": null} attach 0.145 cold 0.544 0 warm 0.181 MB 24.35 events None ev_ms None
{"idx": 63, "path": "nbd:readaround", "cmd": "git_status", "rep": 1, "error": null} attach 0.148 cold 0.604 0 warm 0.233 MB 17.64 events None ev_ms None
{"idx": 63, "path": "nbd:readaround", "cmd": "pip_version", "rep": 1, "error": null} attach 0.144 cold 1.855 0 warm 0.809 MB 49.84 events None ev_ms None
{"idx": 63, "path": "fan:window", "cmd": "import_sys", "rep": 1, "error": null} attach 0.12 cold 0.745 0 warm 0.17 MB 12.33 events 1546 ev_ms 0.06713999982821406
{"idx": 63, "path": "fan:window", "cmd": "git_status", "rep": 1, "error": null} attach 0.119 cold 0.814 0 warm 0.242 MB 11.03 events 1808 ev_ms 0.0781700000516139
{"idx": 63, "path": "fan:window", "cmd": "pip_version", "rep": 1, "error": null} attach 0.122 cold 2.74 0 warm 0.784 MB 38.72 events 5717 ev_ms 0.0824290000309702
{"idx": 72, "path": "nbd:demand", "cmd": "import_sys", "rep": 1, "error": null} attach 0.115 cold 0.549 0 warm 0.192 MB 7.33 events None ev_ms None
{"idx": 72, "path": "nbd:demand", "cmd": "git_status", "rep": 1, "error": null} attach 0.106 cold 0.612 0 warm 0.216 MB 9.26 events None ev_ms None
{"idx": 72, "path": "nbd:demand", "cmd": "pip_version", "rep": 1, "error": null} attach 0.107 cold 0.623 127 warm 0.218 MB 7.51 events None ev_ms None
{"idx": 72, "path": "fan:demand", "cmd": "import_sys", "rep": 1, "error": null} attach 0.089 cold 0.728 0 warm 0.177 MB 5.94 events 2073 ev_ms 0.06317899988061981
{"idx": 72, "path": "fan:demand", "cmd": "git_status", "rep": 1, "error": null} attach 0.091 cold 0.79 0 warm 0.216 MB 7.98 events 1930 ev_ms 0.07930999981908826
{"idx": 72, "path": "fan:demand", "cmd": "pip_version", "rep": 1, "error": null} attach 0.089 cold 0.821 127 warm 0.225 MB 6.27 events 2353 ev_ms 0.06265999991228455
{"idx": 72, "path": "nbd:readaround", "cmd": "import_sys", "rep": 1, "error": null} attach 0.111 cold 0.563 0 warm 0.185 MB 28.52 events None ev_ms None
{"idx": 72, "path": "nbd:readaround", "cmd": "git_status", "rep": 1, "error": null} attach 0.111 cold 0.571 0 warm 0.214 MB 24.45 events None ev_ms None
{"idx": 72, "path": "nbd:readaround", "cmd": "pip_version", "rep": 1, "error": null} attach 0.106 cold 0.658 127 warm 0.216 MB 30.46 events None ev_ms None
{"idx": 72, "path": "fan:window", "cmd": "import_sys", "rep": 1, "error": null} attach 0.092 cold 0.774 0 warm 0.18 MB 17.42 events 2073 ev_ms 0.046690000090165995
{"idx": 72, "path": "fan:window", "cmd": "git_status", "rep": 1, "error": null} attach 0.09 cold 0.863 0 warm 0.223 MB 16.91 events 1930 ev_ms 0.07426000001942157
{"idx": 72, "path": "fan:window", "cmd": "pip_version", "rep": 1, "error": null} attach 0.102 cold 0.954 127 warm 0.22 MB 19.17 events 2334 ev_ms 0.05602000010185293
{"idx": 90, "path": "nbd:demand", "cmd": "import_sys", "rep": 1, "error": null} attach 0.085 cold 0.478 0 warm 0.164 MB 4.55 events None ev_ms None
{"idx": 90, "path": "nbd:demand", "cmd": "git_status", "rep": 1, "error": null} attach 0.084 cold 0.318 0 warm 0.109 MB 1.49 events None ev_ms None
{"idx": 90, "path": "nbd:demand", "cmd": "pip_version", "rep": 1, "error": null} attach 0.084 cold 1.854 0 warm 0.702 MB 10.1 events None ev_ms None
{"idx": 90, "path": "fan:demand", "cmd": "import_sys", "rep": 1, "error": null} attach 0.066 cold 0.612 0 warm 0.173 MB 4.03 events 1477 ev_ms 0.06282000003920984
{"idx": 90, "path": "fan:demand", "cmd": "git_status", "rep": 1, "error": null} attach 0.063 cold 0.361 0 warm 0.116 MB 1.17 events 460 ev_ms 0.06908000023031491
{"idx": 90, "path": "fan:demand", "cmd": "pip_version", "rep": 1, "error": null} attach 0.067 cold 2.031 0 warm 0.637 MB 9.48 events 4385 ev_ms 0.06539999958476983
{"idx": 90, "path": "nbd:readaround", "cmd": "import_sys", "rep": 1, "error": null} attach 0.085 cold 0.472 0 warm 0.172 MB 22.8 events None ev_ms None
{"idx": 90, "path": "nbd:readaround", "cmd": "git_status", "rep": 1, "error": null} attach 0.081 cold 0.315 0 warm 0.103 MB 11.23 events None ev_ms None
{"idx": 90, "path": "nbd:readaround", "cmd": "pip_version", "rep": 1, "error": null} attach 0.088 cold 1.475 0 warm 0.57 MB 40.15 events None ev_ms None
{"idx": 90, "path": "fan:window", "cmd": "import_sys", "rep": 1, "error": null} attach 0.065 cold 0.693 0 warm 0.182 MB 11.69 events 1477 ev_ms 0.05207999993217527
{"idx": 90, "path": "fan:window", "cmd": "git_status", "rep": 1, "error": null} attach 0.064 cold 0.395 0 warm 0.116 MB 3.42 events 460 ev_ms 0.06469099980677129
{"idx": 90, "path": "fan:window", "cmd": "pip_version", "rep": 1, "error": null} attach 0.062 cold 2.239 0 warm 0.714 MB 29.15 events 4427 ev_ms 0.08458000002065091
{"idx": 130, "path": "nbd:demand", "cmd": "import_sys", "rep": 1, "error": null} attach 0.063 cold 0.471 0 warm 0.179 MB 4.13 events None ev_ms None
{"idx": 130, "path": "nbd:demand", "cmd": "git_status", "rep": 1, "error": null} attach 0.071 cold 0.305 0 warm 0.106 MB 1.6 events None ev_ms None
{"idx": 130, "path": "nbd:demand", "cmd": "pip_version", "rep": 1, "error": null} attach 0.07 cold 1.407 0 warm 0.504 MB 8.8 events None ev_ms None
{"idx": 130, "path": "fan:demand", "cmd": "import_sys", "rep": 1, "error": null} attach 0.049 cold 0.591 0 warm 0.179 MB 3.61 events 1429 ev_ms 0.06305099987002905
{"idx": 130, "path": "fan:demand", "cmd": "git_status", "rep": 1, "error": null} attach 0.049 cold 0.341 0 warm 0.115 MB 1.07 events 425 ev_ms 0.05092999981570756
{"idx": 130, "path": "fan:demand", "cmd": "pip_version", "rep": 1, "error": null} attach 0.06 cold 1.618 0 warm 0.543 MB 8.38 events 3884 ev_ms 0.06520999977510655
{"idx": 130, "path": "nbd:readaround", "cmd": "import_sys", "rep": 1, "error": null} attach 0.063 cold 0.432 0 warm 0.176 MB 15.46 events None ev_ms None
{"idx": 130, "path": "nbd:readaround", "cmd": "git_status", "rep": 1, "error": null} attach 0.076 cold 0.301 0 warm 0.112 MB 8.07 events None ev_ms None
{"idx": 130, "path": "nbd:readaround", "cmd": "pip_version", "rep": 1, "error": null} attach 0.056 cold 0.991 0 warm 0.491 MB 24.74 events None ev_ms None
{"idx": 130, "path": "fan:window", "cmd": "import_sys", "rep": 1, "error": null} attach 0.056 cold 0.662 0 warm 0.178 MB 9.97 events 1351 ev_ms 0.0629000001026725
{"idx": 130, "path": "fan:window", "cmd": "git_status", "rep": 1, "error": null} attach 0.058 cold 0.369 0 warm 0.113 MB 3.86 events 425 ev_ms 0.06255900007090531
{"idx": 130, "path": "fan:window", "cmd": "pip_version", "rep": 1, "error": null} attach 0.055 cold 1.764 0 warm 0.503 MB 19.67 events 3864 ev_ms 0.06924999979673885
{"idx": 170, "path": "nbd:demand", "cmd": "import_sys", "rep": 1, "error": null} attach 0.134 cold 0.445 0 warm 0.152 MB 4.46 events None ev_ms None
{"idx": 170, "path": "nbd:demand", "cmd": "git_status", "rep": 1, "error": null} attach 0.124 cold 0.278 0 warm 0.119 MB 1.97 events None ev_ms None
{"idx": 170, "path": "nbd:demand", "cmd": "pip_version", "rep": 1, "error": null} attach 0.129 cold 1.472 0 warm 0.593 MB 10.94 events None ev_ms None
{"idx": 170, "path": "fan:demand", "cmd": "import_sys", "rep": 1, "error": null} attach 0.105 cold 0.562 0 warm 0.172 MB 3.44 events 1277 ev_ms 0.061669999922742136
{"idx": 170, "path": "fan:demand", "cmd": "git_status", "rep": 1, "error": null} attach 0.103 cold 0.319 0 warm 0.102 MB 1.07 events 429 ev_ms 0.05138000005899812
{"idx": 170, "path": "fan:demand", "cmd": "pip_version", "rep": 1, "error": null} attach 0.103 cold 1.753 0 warm 0.542 MB 9.75 events 4293 ev_ms 0.06269999994401587
{"idx": 170, "path": "nbd:readaround", "cmd": "import_sys", "rep": 1, "error": null} attach 0.122 cold 0.548 0 warm 0.18 MB 22.93 events None ev_ms None
{"idx": 170, "path": "nbd:readaround", "cmd": "git_status", "rep": 1, "error": null} attach 0.121 cold 0.277 0 warm 0.112 MB 8.05 events None ev_ms None
{"idx": 170, "path": "nbd:readaround", "cmd": "pip_version", "rep": 1, "error": null} attach 0.116 cold 1.337 0 warm 0.526 MB 39.46 events None ev_ms None
{"idx": 170, "path": "fan:window", "cmd": "import_sys", "rep": 1, "error": null} attach 0.101 cold 0.701 0 warm 0.172 MB 11.88 events 1277 ev_ms 0.06751000000804197
{"idx": 170, "path": "fan:window", "cmd": "git_status", "rep": 1, "error": null} attach 0.107 cold 0.371 0 warm 0.117 MB 3.1 events 429 ev_ms 0.06719900011376012
{"idx": 170, "path": "fan:window", "cmd": "pip_version", "rep": 1, "error": null} attach 0.103 cold 2.074 0 warm 0.51 MB 32.87 events 4257 ev_ms 0.07729999970251811
